Archive member included to satisfy reference by file (symbol)

c:/st/stm32cubeide_1.9.0/stm32cubeide/plugins/com.st.stm32cube.ide.mcu.externaltools.gnu-tools-for-stm32.10.3-2021.10.win32_1.0.0.202111181127/tools/bin/../lib/gcc/arm-none-eabi/10.3.1/../../../../arm-none-eabi/lib/thumb/v7e-m+dp/hard\libc_nano.a(lib_a-errno.o)
                              ./Core/Src/syscalls.o (__errno)
c:/st/stm32cubeide_1.9.0/stm32cubeide/plugins/com.st.stm32cube.ide.mcu.externaltools.gnu-tools-for-stm32.10.3-2021.10.win32_1.0.0.202111181127/tools/bin/../lib/gcc/arm-none-eabi/10.3.1/../../../../arm-none-eabi/lib/thumb/v7e-m+dp/hard\libc_nano.a(lib_a-exit.o)
                              c:/st/stm32cubeide_1.9.0/stm32cubeide/plugins/com.st.stm32cube.ide.mcu.externaltools.gnu-tools-for-stm32.10.3-2021.10.win32_1.0.0.202111181127/tools/bin/../lib/gcc/arm-none-eabi/10.3.1/../../../../arm-none-eabi/lib/thumb/v7e-m+dp/hard/crt0.o (exit)
c:/st/stm32cubeide_1.9.0/stm32cubeide/plugins/com.st.stm32cube.ide.mcu.externaltools.gnu-tools-for-stm32.10.3-2021.10.win32_1.0.0.202111181127/tools/bin/../lib/gcc/arm-none-eabi/10.3.1/../../../../arm-none-eabi/lib/thumb/v7e-m+dp/hard\libc_nano.a(lib_a-impure.o)
                              c:/st/stm32cubeide_1.9.0/stm32cubeide/plugins/com.st.stm32cube.ide.mcu.externaltools.gnu-tools-for-stm32.10.3-2021.10.win32_1.0.0.202111181127/tools/bin/../lib/gcc/arm-none-eabi/10.3.1/../../../../arm-none-eabi/lib/thumb/v7e-m+dp/hard\libc_nano.a(lib_a-exit.o) (_global_impure_ptr)
c:/st/stm32cubeide_1.9.0/stm32cubeide/plugins/com.st.stm32cube.ide.mcu.externaltools.gnu-tools-for-stm32.10.3-2021.10.win32_1.0.0.202111181127/tools/bin/../lib/gcc/arm-none-eabi/10.3.1/../../../../arm-none-eabi/lib/thumb/v7e-m+dp/hard\libc_nano.a(lib_a-init.o)
                              c:/st/stm32cubeide_1.9.0/stm32cubeide/plugins/com.st.stm32cube.ide.mcu.externaltools.gnu-tools-for-stm32.10.3-2021.10.win32_1.0.0.202111181127/tools/bin/../lib/gcc/arm-none-eabi/10.3.1/../../../../arm-none-eabi/lib/thumb/v7e-m+dp/hard/crt0.o (__libc_init_array)
c:/st/stm32cubeide_1.9.0/stm32cubeide/plugins/com.st.stm32cube.ide.mcu.externaltools.gnu-tools-for-stm32.10.3-2021.10.win32_1.0.0.202111181127/tools/bin/../lib/gcc/arm-none-eabi/10.3.1/../../../../arm-none-eabi/lib/thumb/v7e-m+dp/hard\libc_nano.a(lib_a-memcpy-stub.o)
                              ./Drivers/STM32H7xx_HAL_Driver/Src/stm32h7xx_hal_fdcan.o (memcpy)
c:/st/stm32cubeide_1.9.0/stm32cubeide/plugins/com.st.stm32cube.ide.mcu.externaltools.gnu-tools-for-stm32.10.3-2021.10.win32_1.0.0.202111181127/tools/bin/../lib/gcc/arm-none-eabi/10.3.1/../../../../arm-none-eabi/lib/thumb/v7e-m+dp/hard\libc_nano.a(lib_a-memset.o)
                              c:/st/stm32cubeide_1.9.0/stm32cubeide/plugins/com.st.stm32cube.ide.mcu.externaltools.gnu-tools-for-stm32.10.3-2021.10.win32_1.0.0.202111181127/tools/bin/../lib/gcc/arm-none-eabi/10.3.1/../../../../arm-none-eabi/lib/thumb/v7e-m+dp/hard/crt0.o (memset)
c:/st/stm32cubeide_1.9.0/stm32cubeide/plugins/com.st.stm32cube.ide.mcu.externaltools.gnu-tools-for-stm32.10.3-2021.10.win32_1.0.0.202111181127/tools/bin/../lib/gcc/arm-none-eabi/10.3.1/../../../../arm-none-eabi/lib/thumb/v7e-m+dp/hard\libc_nano.a(lib_a-sprintf.o)
                              ./Core/Src/main.o (sprintf)
c:/st/stm32cubeide_1.9.0/stm32cubeide/plugins/com.st.stm32cube.ide.mcu.externaltools.gnu-tools-for-stm32.10.3-2021.10.win32_1.0.0.202111181127/tools/bin/../lib/gcc/arm-none-eabi/10.3.1/../../../../arm-none-eabi/lib/thumb/v7e-m+dp/hard\libc_nano.a(lib_a-nano-svfprintf.o)
                              c:/st/stm32cubeide_1.9.0/stm32cubeide/plugins/com.st.stm32cube.ide.mcu.externaltools.gnu-tools-for-stm32.10.3-2021.10.win32_1.0.0.202111181127/tools/bin/../lib/gcc/arm-none-eabi/10.3.1/../../../../arm-none-eabi/lib/thumb/v7e-m+dp/hard\libc_nano.a(lib_a-sprintf.o) (_svfprintf_r)
c:/st/stm32cubeide_1.9.0/stm32cubeide/plugins/com.st.stm32cube.ide.mcu.externaltools.gnu-tools-for-stm32.10.3-2021.10.win32_1.0.0.202111181127/tools/bin/../lib/gcc/arm-none-eabi/10.3.1/../../../../arm-none-eabi/lib/thumb/v7e-m+dp/hard\libc_nano.a(lib_a-nano-vfprintf_i.o)
                              c:/st/stm32cubeide_1.9.0/stm32cubeide/plugins/com.st.stm32cube.ide.mcu.externaltools.gnu-tools-for-stm32.10.3-2021.10.win32_1.0.0.202111181127/tools/bin/../lib/gcc/arm-none-eabi/10.3.1/../../../../arm-none-eabi/lib/thumb/v7e-m+dp/hard\libc_nano.a(lib_a-nano-svfprintf.o) (_printf_i)
c:/st/stm32cubeide_1.9.0/stm32cubeide/plugins/com.st.stm32cube.ide.mcu.externaltools.gnu-tools-for-stm32.10.3-2021.10.win32_1.0.0.202111181127/tools/bin/../lib/gcc/arm-none-eabi/10.3.1/../../../../arm-none-eabi/lib/thumb/v7e-m+dp/hard\libc_nano.a(lib_a-memchr.o)
[...]
Memory Configuration

Name             Origin             Length             Attributes
FLASH            0x0000000008000000 0x0000000000020000 xr
DTCMRAM          0x0000000020000000 0x0000000000020000 xrw
RAM_D1           0x0000000024000000 0x0000000000080000 xrw
RAM_D2           0x0000000030000000 0x0000000000048000 xrw
RAM_D3           0x0000000038000000 0x0000000000010000 xrw
ITCMRAM          0x0000000000000000 0x0000000000010000 xrw
*default*        0x0000000000000000 0xffffffffffffffff

Linker script and memory map

LOAD c:/st/stm32cubeide_1.9.0/stm32cubeide/plugins/com.st.stm32cube.ide.mcu.externaltools.gnu-tools-for-stm32.10.3-2021.10.win32_1.0.0.202111181127/tools/bin/../lib/gcc/arm-none-eabi/10.3.1/thumb/v7e-m+dp/hard/crti.o
LOAD c:/st/stm32cubeide_1.9.0/stm32cubeide/plugins/com.st.stm32cube.ide.mcu.externaltools.gnu-tools-for-stm32.10.3-2021.10.win32_1.0.0.202111181127/tools/bin/../lib/gcc/arm-none-eabi/10.3.1/thumb/v7e-m+dp/hard/crtbegin.o
LOAD c:/st/stm32cubeide_1.9.0/stm32cubeide/plugins/com.st.stm32cube.ide.mcu.externaltools.gnu-tools-for-stm32.10.3-2021.10.win32_1.0.0.202111181127/tools/bin/../lib/gcc/arm-none-eabi/10.3.1/../../../../arm-none-eabi/lib/thumb/v7e-m+dp/hard/crt0.o
LOAD ./Core/Src/main.o
LOAD ./Core/Src/stm32h7xx_hal_msp.o
LOAD ./Core/Src/stm32h7xx_it.o
LOAD ./Core/Src/syscalls.o
LOAD ./Core/Src/sysmem.o
LOAD ./Core/Src/system_stm32h7xx.o
LOAD ./Core/Startup/startup_stm32h750vbtx.o
LOAD ./Drivers/STM32H7xx_HAL_Driver/Src/stm32h7xx_hal.o
LOAD ./Drivers/STM32H7xx_HAL_Driver/Src/stm32h7xx_hal_cortex.o
LOAD ./Drivers/STM32H7xx_HAL_Driver/Src/stm32h7xx_hal_dma.o
LOAD ./Drivers/STM32H7xx_HAL_Driver/Src/stm32h7xx_hal_dma_ex.o
LOAD ./Drivers/STM32H7xx_HAL_Driver/Src/stm32h7xx_hal_exti.o
LOAD ./Drivers/STM32H7xx_HAL_Driver/Src/stm32h7xx_hal_fdcan.o
LOAD ./Drivers/STM32H7xx_HAL_Driver/Src/stm32h7xx_hal_flash.o
LOAD ./Drivers/STM32H7xx_HAL_Driver/Src/stm32h7xx_hal_flash_ex.o
LOAD ./Drivers/STM32H7xx_HAL_Driver/Src/stm32h7xx_hal_gpio.o
LOAD ./Drivers/STM32H7xx_HAL_Driver/Src/stm32h7xx_hal_hsem.o
LOAD ./Drivers/STM32H7xx_HAL_Driver/Src/stm32h7xx_hal_i2c.o
LOAD ./Drivers/STM32H7xx_HAL_Driver/Src/stm32h7xx_hal_i2c_ex.o
LOAD ./Drivers/STM32H7xx_HAL_Driver/Src/stm32h7xx_hal_mdma.o
LOAD ./Drivers/STM32H7xx_HAL_Driver/Src/stm32h7xx_hal_pwr.o
LOAD ./Drivers/STM32H7xx_HAL_Driver/Src/stm32h7xx_hal_pwr_ex.o
LOAD ./Drivers/STM32H7xx_HAL_Driver/Src/stm32h7xx_hal_rcc.o
LOAD ./Drivers/STM32H7xx_HAL_Driver/Src/stm32h7xx_hal_rcc_ex.o
LOAD ./Drivers/STM32H7xx_HAL_Driver/Src/stm32h7xx_hal_tim.o
LOAD ./Drivers/STM32H7xx_HAL_Driver/Src/stm32h7xx_hal_tim_ex.o
START GROUP
LOAD c:/st/stm32cubeide_1.9.0/stm32cubeide/plugins/com.st.stm32cube.ide.mcu.externaltools.gnu-tools-for-stm32.10.3-2021.10.win32_1.0.0.202111181127/tools/bin/../lib/gcc/arm-none-eabi/10.3.1/../../../../arm-none-eabi/lib/thumb/v7e-m+dp/hard\libc_nano.a
LOAD c:/st/stm32cubeide_1.9.0/stm32cubeide/plugins/com.st.stm32cube.ide.mcu.externaltools.gnu-tools-for-stm32.10.3-2021.10.win32_1.0.0.202111181127/tools/bin/../lib/gcc/arm-none-eabi/10.3.1/../../../../arm-none-eabi/lib/thumb/v7e-m+dp/hard\libm.a
END GROUP
START GROUP
LOAD c:/st/stm32cubeide_1.9.0/stm32cubeide/plugins/com.st.stm32cube.ide.mcu.externaltools.gnu-tools-for-stm32.10.3-2021.10.win32_1.0.0.202111181127/tools/bin/../lib/gcc/arm-none-eabi/10.3.1/thumb/v7e-m+dp/hard\libgcc.a
LOAD c:/st/stm32cubeide_1.9.0/stm32cubeide/plugins/com.st.stm32cube.ide.mcu.externaltools.gnu-tools-for-stm32.10.3-2021.10.win32_1.0.0.202111181127/tools/bin/../lib/gcc/arm-none-eabi/10.3.1/../../../../arm-none-eabi/lib/thumb/v7e-m+dp/hard\libc_nano.a
END GROUP
START GROUP
LOAD c:/st/stm32cubeide_1.9.0/stm32cubeide/plugins/com.st.stm32cube.ide.mcu.externaltools.gnu-tools-for-stm32.10.3-2021.10.win32_1.0.0.202111181127/tools/bin/../lib/gcc/arm-none-eabi/10.3.1/thumb/v7e-m+dp/hard\libgcc.a
LOAD c:/st/stm32cubeide_1.9.0/stm32cubeide/plugins/com.st.stm32cube.ide.mcu.externaltools.gnu-tools-for-stm32.10.3-2021.10.win32_1.0.0.202111181127/tools/bin/../lib/gcc/arm-none-eabi/10.3.1/../../../../arm-none-eabi/lib/thumb/v7e-m+dp/hard\libc_nano.a
LOAD c:/st/stm32cubeide_1.9.0/stm32cubeide/plugins/com.st.stm32cube.ide.mcu.externaltools.gnu-tools-for-stm32.10.3-2021.10.win32_1.0.0.202111181127/tools/bin/../lib/gcc/arm-none-eabi/10.3.1/../../../../arm-none-eabi/lib/thumb/v7e-m+dp/hard\libnosys.a
END GROUP
START GROUP
LOAD c:/st/stm32cubeide_1.9.0/stm32cubeide/plugins/com.st.stm32cube.ide.mcu.externaltools.gnu-tools-for-stm32.10.3-2021.10.win32_1.0.0.202111181127/tools/bin/../lib/gcc/arm-none-eabi/10.3.1/thumb/v7e-m+dp/hard\libgcc.a
LOAD c:/st/stm32cubeide_1.9.0/stm32cubeide/plugins/com.st.stm32cube.ide.mcu.externaltools.gnu-tools-for-stm32.10.3-2021.10.win32_1.0.0.202111181127/tools/bin/../lib/gcc/arm-none-eabi/10.3.1/../../../../arm-none-eabi/lib/thumb/v7e-m+dp/hard\libc_nano.a
LOAD c:/st/stm32cubeide_1.9.0/stm32cubeide/plugins/com.st.stm32cube.ide.mcu.externaltools.gnu-tools-for-stm32.10.3-2021.10.win32_1.0.0.202111181127/tools/bin/../lib/gcc/arm-none-eabi/10.3.1/../../../../arm-none-eabi/lib/thumb/v7e-m+dp/hard\libnosys.a
END GROUP
LOAD c:/st/stm32cubeide_1.9.0/stm32cubeide/plugins/com.st.stm32cube.ide.mcu.externaltools.gnu-tools-for-stm32.10.3-2021.10.win32_1.0.0.202111181127/tools/bin/../lib/gcc/arm-none-eabi/10.3.1/thumb/v7e-m+dp/hard/crtend.o
LOAD c:/st/stm32cubeide_1.9.0/stm32cubeide/plugins/com.st.stm32cube.ide.mcu.externaltools.gnu-tools-for-stm32.10.3-2021.10.win32_1.0.0.202111181127/tools/bin/../lib/gcc/arm-none-eabi/10.3.1/thumb/v7e-m+dp/hard/crtn.o
                0x0000000024080000                _estack = (ORIGIN (RAM_D1) + LENGTH (RAM_D1))
                0x0000000000000200                _Min_Heap_Size = 0x200
                0x0000000000000400                _Min_Stack_Size = 0x400

.isr_vector     0x0000000008000000      0x298
                0x0000000008000000                . = ALIGN (0x4)
 *(.isr_vector)
 .isr_vector    0x0000000008000000      0x298 ./Core/Startup/startup_stm32h750vbtx.o
                0x0000000008000000                g_pfnVectors
                0x0000000008000298                . = ALIGN (0x4)

.text           0x00000000080002a0     0x4c04
                0x00000000080002a0                . = ALIGN (0x4)
 *(.text)
 .text          0x00000000080002a0       0x40 c:/st/stm32cubeide_1.9.0/stm32cubeide/plugins/com.st.stm32cube.ide.mcu.externaltools.gnu-tools-for-stm32.10.3-2021.10.win32_1.0.0.202111181127/tools/bin/../lib/gcc/arm-none-eabi/10.3.1/thumb/v7e-m+dp/hard/crtbegin.o
 .text          0x00000000080002e0       0xa0 c:/st/stm32cubeide_1.9.0/stm32cubeide/plugins/com.st.stm32cube.ide.mcu.externaltools.gnu-tools-for-stm32.10.3-2021.10.win32_1.0.0.202111181127/tools/bin/../lib/gcc/arm-none-eabi/10.3.1/../../../../arm-none-eabi/lib/thumb/v7e-m+dp/hard\libc_nano.a(lib_a-memchr.o)
                0x00000000080002e0                memchr
 *(.text*)
 .text.HAL_FDCAN_RxFifo0Callback
                0x0000000008000380       0x50 ./Core/Src/main.o
                0x0000000008000380                HAL_FDCAN_RxFifo0Callback
 .text.main     0x00000000080003d0       0xac ./Core/Src/main.o
                0x00000000080003d0                main
 .text.SystemClock_Config
                0x000000000800047c       0xfc ./Core/Src/main.o
                0x000000000800047c                SystemClock_Config
 .text.MX_FDCAN2_Init
                0x0000000008000578      0x100 ./Core/Src/main.o
 .text.MX_GPIO_Init
                0x0000000008000678       0x34 ./Core/Src/main.o
 .text.Error_Handler
                0x00000000080006ac        0xa ./Core/Src/main.o
                0x00000000080006ac                Error_Handler
 *fill*         0x00000000080006b6        0x2 
 .text.HAL_MspInit
                0x00000000080006b8       0x34 ./Core/Src/stm32h7xx_hal_msp.o
                0x00000000080006b8                HAL_MspInit
 .text.HAL_FDCAN_MspInit
                0x00000000080006ec       0xec ./Core/Src/stm32h7xx_hal_msp.o
                0x00000000080006ec                HAL_FDCAN_MspInit
 .text.NMI_Handler
                0x00000000080007d8        0x6 ./Core/Src/stm32h7xx_it.o
                0x00000000080007d8                NMI_Handler
 .text.HardFault_Handler
                0x00000000080007de        0x6 ./Core/Src/stm32h7xx_it.o
                0x00000000080007de                HardFault_Handler
 .text.MemManage_Handler
                0x00000000080007e4        0x6 ./Core/Src/stm32h7xx_it.o
                0x00000000080007e4                MemManage_Handler
 .text.BusFault_Handler
                0x00000000080007ea        0x6 ./Core/Src/stm32h7xx_it.o
                0x00000000080007ea                BusFault_Handler
 .text.UsageFault_Handler
                0x00000000080007f0        0x6 ./Core/Src/stm32h7xx_it.o
                0x00000000080007f0                UsageFault_Handler
 .text.SVC_Handler
                0x00000000080007f6        0xe ./Core/Src/stm32h7xx_it.o
                0x00000000080007f6                SVC_Handler
 .text.DebugMon_Handler
                0x0000000008000804        0xe ./Core/Src/stm32h7xx_it.o
                0x0000000008000804                DebugMon_Handler
 .text.PendSV_Handler
                0x0000000008000812        0xe ./Core/Src/stm32h7xx_it.o
                0x0000000008000812                PendSV_Handler
 .text.SysTick_Handler
                0x0000000008000820        0xc ./Core/Src/stm32h7xx_it.o
                0x0000000008000820                SysTick_Handler
 .text.FDCAN2_IT0_IRQHandler
                0x000000000800082c       0x14 ./Core/Src/stm32h7xx_it.o
                0x000000000800082c                FDCAN2_IT0_IRQHandler
 .text.FDCAN2_IT1_IRQHandler
                0x0000000008000840       0x14 ./Core/Src/stm32h7xx_it.o
                0x0000000008000840                FDCAN2_IT1_IRQHandler
 .text._sbrk    0x0000000008000854       0x6c ./Core/Src/sysmem.o
                0x0000000008000854                _sbrk
 .text.SystemInit
                0x00000000080008c0      0x110 ./Core/Src/system_stm32h7xx.o
                0x00000000080008c0                SystemInit
 .text.Reset_Handler
                0x00000000080009d0       0x50 ./Core/Startup/startup_stm32h750vbtx.o
                0x00000000080009d0                Reset_Handler
 .text.Default_Handler
                0x0000000008000a20        0x2 ./Core/Startup/startup_stm32h750vbtx.o
                0x0000000008000a20                RTC_Alarm_IRQHandler
                0x0000000008000a20                HASH_RNG_IRQHandler
                0x0000000008000a20                EXTI2_IRQHandler
                0x0000000008000a20                TIM8_CC_IRQHandler
                0x0000000008000a20                HRTIM1_Master_IRQHandler
                0x0000000008000a20                UART8_IRQHandler
                0x0000000008000a20                SPI4_IRQHandler
                0x0000000008000a20                TIM1_CC_IRQHandler
                0x0000000008000a20                BDMA_Channel6_IRQHandler
                0x0000000008000a20                DMA2_Stream5_IRQHandler
                0x0000000008000a20                HRTIM1_FLT_IRQHandler
                0x0000000008000a20                JPEG_IRQHandler
                0x0000000008000a20                DMA1_Stream5_IRQHandler
                0x0000000008000a20                BDMA_Channel1_IRQHandler
                0x0000000008000a20                HRTIM1_TIMD_IRQHandler
                0x0000000008000a20                TAMP_STAMP_IRQHandler
                0x0000000008000a20                EXTI3_IRQHandler
                0x0000000008000a20                LPTIM4_IRQHandler
                0x0000000008000a20                TIM8_TRG_COM_TIM14_IRQHandler
                0x0000000008000a20                LPTIM2_IRQHandler
                0x0000000008000a20                DFSDM1_FLT1_IRQHandler
                0x0000000008000a20                DMAMUX2_OVR_IRQHandler
                0x0000000008000a20                TIM8_UP_TIM13_IRQHandler
                0x0000000008000a20                I2C3_ER_IRQHandler
                0x0000000008000a20                DFSDM1_FLT2_IRQHandler
                0x0000000008000a20                MDMA_IRQHandler
                0x0000000008000a20                LPTIM3_IRQHandler
                0x0000000008000a20                HSEM1_IRQHandler
                0x0000000008000a20                EXTI0_IRQHandler
                0x0000000008000a20                I2C2_EV_IRQHandler
                0x0000000008000a20                DMA1_Stream2_IRQHandler
                0x0000000008000a20                FPU_IRQHandler
                0x0000000008000a20                OTG_HS_WKUP_IRQHandler
                0x0000000008000a20                FDCAN1_IT1_IRQHandler
                0x0000000008000a20                LTDC_ER_IRQHandler
                0x0000000008000a20                DMA2_Stream2_IRQHandler
                0x0000000008000a20                HRTIM1_TIME_IRQHandler
                0x0000000008000a20                SPI1_IRQHandler
                0x0000000008000a20                TIM6_DAC_IRQHandler
                0x0000000008000a20                DCMI_IRQHandler
                0x0000000008000a20                HRTIM1_TIMC_IRQHandler
                0x0000000008000a20                DMA2_Stream3_IRQHandler
                0x0000000008000a20                SAI2_IRQHandler
                0x0000000008000a20                DFSDM1_FLT3_IRQHandler
                0x0000000008000a20                USART6_IRQHandler
                0x0000000008000a20                TIM17_IRQHandler
                0x0000000008000a20                USART3_IRQHandler
                0x0000000008000a20                BDMA_Channel7_IRQHandler
                0x0000000008000a20                CRYP_IRQHandler
                0x0000000008000a20                LPTIM5_IRQHandler
                0x0000000008000a20                UART5_IRQHandler
                0x0000000008000a20                ADC3_IRQHandler
                0x0000000008000a20                DMA2_Stream0_IRQHandler
                0x0000000008000a20                TIM4_IRQHandler
                0x0000000008000a20                BDMA_Channel2_IRQHandler
                0x0000000008000a20                QUADSPI_IRQHandler
                0x0000000008000a20                I2C1_EV_IRQHandler
                0x0000000008000a20                DMA1_Stream6_IRQHandler
                0x0000000008000a20                DMAMUX1_OVR_IRQHandler
                0x0000000008000a20                DMA1_Stream1_IRQHandler
                0x0000000008000a20                TIM16_IRQHandler
                0x0000000008000a20                UART4_IRQHandler
                0x0000000008000a20                BDMA_Channel5_IRQHandler
                0x0000000008000a20                TIM3_IRQHandler
                0x0000000008000a20                RCC_IRQHandler
                0x0000000008000a20                TIM8_BRK_TIM12_IRQHandler
                0x0000000008000a20                TIM1_TRG_COM_IRQHandler
                0x0000000008000a20                Default_Handler
                0x0000000008000a20                ECC_IRQHandler
                0x0000000008000a20                CEC_IRQHandler
                0x0000000008000a20                EXTI15_10_IRQHandler
                0x0000000008000a20                BDMA_Channel0_IRQHandler
                0x0000000008000a20                ADC_IRQHandler
                0x0000000008000a20                DMA1_Stream7_IRQHandler
                0x0000000008000a20                HRTIM1_TIMA_IRQHandler
                0x0000000008000a20                SPI5_IRQHandler
                0x0000000008000a20                TIM7_IRQHandler
                0x0000000008000a20                SDMMC1_IRQHandler
                0x0000000008000a20                TIM5_IRQHandler
                0x0000000008000a20                DMA2_Stream7_IRQHandler
                0x0000000008000a20                TIM15_IRQHandler
                0x0000000008000a20                PVD_AVD_IRQHandler
                0x0000000008000a20                I2C3_EV_IRQHandler
                0x0000000008000a20                EXTI9_5_IRQHandler
                0x0000000008000a20                RTC_WKUP_IRQHandler
                0x0000000008000a20                LTDC_IRQHandler
                0x0000000008000a20                SAI3_IRQHandler
                0x0000000008000a20                ETH_WKUP_IRQHandler
                0x0000000008000a20                SPDIF_RX_IRQHandler
                0x0000000008000a20                SPI2_IRQHandler
                0x0000000008000a20                OTG_HS_EP1_IN_IRQHandler
                0x0000000008000a20                DMA1_Stream0_IRQHandler
                0x0000000008000a20                CRS_IRQHandler
                0x0000000008000a20                EXTI4_IRQHandler
                0x0000000008000a20                HRTIM1_TIMB_IRQHandler
                0x0000000008000a20                ETH_IRQHandler
                0x0000000008000a20                TIM1_UP_IRQHandler
                0x0000000008000a20                BDMA_Channel4_IRQHandler
                0x0000000008000a20                OTG_HS_EP1_OUT_IRQHandler
                0x0000000008000a20                WWDG_IRQHandler
                0x0000000008000a20                SPI6_IRQHandler
                0x0000000008000a20                MDIOS_IRQHandler
                0x0000000008000a20                I2C4_EV_IRQHandler
                0x0000000008000a20                LPUART1_IRQHandler
                0x0000000008000a20                FDCAN1_IT0_IRQHandler
                0x0000000008000a20                TIM2_IRQHandler
                0x0000000008000a20                OTG_FS_WKUP_IRQHandler
                0x0000000008000a20                OTG_HS_IRQHandler
                0x0000000008000a20                DMA2D_IRQHandler
                0x0000000008000a20                TIM1_BRK_IRQHandler
                0x0000000008000a20                EXTI1_IRQHandler
                0x0000000008000a20                SDMMC2_IRQHandler
                0x0000000008000a20                OTG_FS_EP1_OUT_IRQHandler
                0x0000000008000a20                BDMA_Channel3_IRQHandler
                0x0000000008000a20                UART7_IRQHandler
                0x0000000008000a20                MDIOS_WKUP_IRQHandler
                0x0000000008000a20                USART2_IRQHandler
                0x0000000008000a20                DFSDM1_FLT0_IRQHandler
                0x0000000008000a20                SAI4_IRQHandler
                0x0000000008000a20                I2C2_ER_IRQHandler
                0x0000000008000a20                DMA2_Stream1_IRQHandler
                0x0000000008000a20                FLASH_IRQHandler
                0x0000000008000a20                DMA2_Stream4_IRQHandler
                0x0000000008000a20                USART1_IRQHandler
                0x0000000008000a20                OTG_FS_IRQHandler
                0x0000000008000a20                SPI3_IRQHandler
                0x0000000008000a20                WAKEUP_PIN_IRQHandler
                0x0000000008000a20                DMA1_Stream4_IRQHandler
                0x0000000008000a20                OTG_FS_EP1_IN_IRQHandler
                0x0000000008000a20                I2C1_ER_IRQHandler
                0x0000000008000a20                FMC_IRQHandler
                0x0000000008000a20                FDCAN_CAL_IRQHandler
                0x0000000008000a20                SWPMI1_IRQHandler
                0x0000000008000a20                COMP1_IRQHandler
                0x0000000008000a20                LPTIM1_IRQHandler
                0x0000000008000a20                I2C4_ER_IRQHandler
                0x0000000008000a20                DMA2_Stream6_IRQHandler
                0x0000000008000a20                SAI1_IRQHandler
                0x0000000008000a20                DMA1_Stream3_IRQHandler
 *fill*         0x0000000008000a22        0x2 
 .text.HAL_Init
                0x0000000008000a24       0x78 ./Drivers/STM32H7xx_HAL_Driver/Src/stm32h7xx_hal.o
                0x0000000008000a24                HAL_Init
 .text.HAL_InitTick
                0x0000000008000a9c       0x6c ./Drivers/STM32H7xx_HAL_Driver/Src/stm32h7xx_hal.o
                0x0000000008000a9c                HAL_InitTick
 .text.HAL_IncTick
                0x0000000008000b08       0x28 ./Drivers/STM32H7xx_HAL_Driver/Src/stm32h7xx_hal.o
                0x0000000008000b08                HAL_IncTick
 .text.HAL_GetTick
                0x0000000008000b30       0x18 ./Drivers/STM32H7xx_HAL_Driver/Src/stm32h7xx_hal.o
                0x0000000008000b30                HAL_GetTick
 .text.HAL_Delay
                0x0000000008000b48       0x48 ./Drivers/STM32H7xx_HAL_Driver/Src/stm32h7xx_hal.o
                0x0000000008000b48                HAL_Delay
 .text.HAL_GetREVID
                0x0000000008000b90       0x18 ./Drivers/STM32H7xx_HAL_Driver/Src/stm32h7xx_hal.o
                0x0000000008000b90                HAL_GetREVID
 .text.__NVIC_SetPriorityGrouping
                0x0000000008000ba8       0x48 ./Drivers/STM32H7xx_HAL_Driver/Src/stm32h7xx_hal_cortex.o
 .text.__NVIC_GetPriorityGrouping
                0x0000000008000bf0       0x1c ./Drivers/STM32H7xx_HAL_Driver/Src/stm32h7xx_hal_cortex.o
 .text.__NVIC_EnableIRQ
                0x0000000008000c0c       0x3c ./Drivers/STM32H7xx_HAL_Driver/Src/stm32h7xx_hal_cortex.o
 .text.__NVIC_SetPriority
                0x0000000008000c48       0x54 ./Drivers/STM32H7xx_HAL_Driver/Src/stm32h7xx_hal_cortex.o
 .text.NVIC_EncodePriority
                0x0000000008000c9c       0x66 ./Drivers/STM32H7xx_HAL_Driver/Src/stm32h7xx_hal_cortex.o
 *fill*         0x0000000008000d02        0x2 
 .text.SysTick_Config
                0x0000000008000d04       0x44 ./Drivers/STM32H7xx_HAL_Driver/Src/stm32h7xx_hal_cortex.o
 .text.HAL_NVIC_SetPriorityGrouping
                0x0000000008000d48       0x16 ./Drivers/STM32H7xx_HAL_Driver/Src/stm32h7xx_hal_cortex.o
                0x0000000008000d48                HAL_NVIC_SetPriorityGrouping
 .text.HAL_NVIC_SetPriority
                0x0000000008000d5e       0x34 ./Drivers/STM32H7xx_HAL_Driver/Src/stm32h7xx_hal_cortex.o
                0x0000000008000d5e                HAL_NVIC_SetPriority
 .text.HAL_NVIC_EnableIRQ
                0x0000000008000d92       0x1c ./Drivers/STM32H7xx_HAL_Driver/Src/stm32h7xx_hal_cortex.o
                0x0000000008000d92                HAL_NVIC_EnableIRQ
 .text.HAL_SYSTICK_Config
                0x0000000008000dae       0x18 ./Drivers/STM32H7xx_HAL_Driver/Src/stm32h7xx_hal_cortex.o
                0x0000000008000dae                HAL_SYSTICK_Config
 *fill*         0x0000000008000dc6        0x2 
 .text.HAL_FDCAN_Init
                0x0000000008000dc8      0x3bc ./Drivers/STM32H7xx_HAL_Driver/Src/stm32h7xx_hal_fdcan.o
                0x0000000008000dc8                HAL_FDCAN_Init
 .text.HAL_FDCAN_ConfigFilter
                0x0000000008001184       0xec ./Drivers/STM32H7xx_HAL_Driver/Src/stm32h7xx_hal_fdcan.o
                0x0000000008001184                HAL_FDCAN_ConfigFilter
 .text.HAL_FDCAN_Start
                0x0000000008001270       0x56 ./Drivers/STM32H7xx_HAL_Driver/Src/stm32h7xx_hal_fdcan.o
                0x0000000008001270                HAL_FDCAN_Start
 .text.HAL_FDCAN_AddMessageToTxFifoQ
                0x00000000080012c6       0xb6 ./Drivers/STM32H7xx_HAL_Driver/Src/stm32h7xx_hal_fdcan.o
                0x00000000080012c6                HAL_FDCAN_AddMessageToTxFifoQ
 .text.HAL_FDCAN_GetRxMessage
                0x000000000800137c      0x2dc ./Drivers/STM32H7xx_HAL_Driver/Src/stm32h7xx_hal_fdcan.o
                0x000000000800137c                HAL_FDCAN_GetRxMessage
 .text.HAL_FDCAN_ActivateNotification
                0x0000000008001658       0xf4 ./Drivers/STM32H7xx_HAL_Driver/Src/stm32h7xx_hal_fdcan.o
                0x0000000008001658                HAL_FDCAN_ActivateNotification
 .text.HAL_FDCAN_IRQHandler
                0x000000000800174c      0x4bc ./Drivers/STM32H7xx_HAL_Driver/Src/stm32h7xx_hal_fdcan.o
                0x000000000800174c                HAL_FDCAN_IRQHandler
 .text.HAL_FDCAN_ClockCalibrationCallback
                0x0000000008001c08       0x16 ./Drivers/STM32H7xx_HAL_Driver/Src/stm32h7xx_hal_fdcan.o
                0x0000000008001c08                HAL_FDCAN_ClockCalibrationCallback
 .text.HAL_FDCAN_TxEventFifoCallback
                0x0000000008001c1e       0x16 ./Drivers/STM32H7xx_HAL_Driver/Src/stm32h7xx_hal_fdcan.o
                0x0000000008001c1e                HAL_FDCAN_TxEventFifoCallback
 .text.HAL_FDCAN_RxFifo1Callback
                0x0000000008001c34       0x16 ./Drivers/STM32H7xx_HAL_Driver/Src/stm32h7xx_hal_fdcan.o
                0x0000000008001c34                HAL_FDCAN_RxFifo1Callback
 .text.HAL_FDCAN_TxFifoEmptyCallback
                0x0000000008001c4a       0x14 ./Drivers/STM32H7xx_HAL_Driver/Src/stm32h7xx_hal_fdcan.o
                0x0000000008001c4a                HAL_FDCAN_TxFifoEmptyCallback
 .text.HAL_FDCAN_TxBufferCompleteCallback
                0x0000000008001c5e       0x16 ./Drivers/STM32H7xx_HAL_Driver/Src/stm32h7xx_hal_fdcan.o
                0x0000000008001c5e                HAL_FDCAN_TxBufferCompleteCallback
 .text.HAL_FDCAN_TxBufferAbortCallback
                0x0000000008001c74       0x16 ./Drivers/STM32H7xx_HAL_Driver/Src/stm32h7xx_hal_fdcan.o
                0x0000000008001c74                HAL_FDCAN_TxBufferAbortCallback
 .text.HAL_FDCAN_RxBufferNewMessageCallback
                0x0000000008001c8a       0x14 ./Drivers/STM32H7xx_HAL_Driver/Src/stm32h7xx_hal_fdcan.o
                0x0000000008001c8a                HAL_FDCAN_RxBufferNewMessageCallback
 .text.HAL_FDCAN_TimestampWraparoundCallback
                0x0000000008001c9e       0x14 ./Drivers/STM32H7xx_HAL_Driver/Src/stm32h7xx_hal_fdcan.o
                0x0000000008001c9e                HAL_FDCAN_TimestampWraparoundCallback
 .text.HAL_FDCAN_TimeoutOccurredCallback
                0x0000000008001cb2       0x14 ./Drivers/STM32H7xx_HAL_Driver/Src/stm32h7xx_hal_fdcan.o
                0x0000000008001cb2                HAL_FDCAN_TimeoutOccurredCallback
 .text.HAL_FDCAN_HighPriorityMessageCallback
                0x0000000008001cc6       0x14 ./Drivers/STM32H7xx_HAL_Driver/Src/stm32h7xx_hal_fdcan.o
                0x0000000008001cc6                HAL_FDCAN_HighPriorityMessageCallback
 .text.HAL_FDCAN_ErrorCallback
                0x0000000008001cda       0x14 ./Drivers/STM32H7xx_HAL_Driver/Src/stm32h7xx_hal_fdcan.o
                0x0000000008001cda                HAL_FDCAN_ErrorCallback
 .text.HAL_FDCAN_ErrorStatusCallback
                0x0000000008001cee       0x16 ./Drivers/STM32H7xx_HAL_Driver/Src/stm32h7xx_hal_fdcan.o
                0x0000000008001cee                HAL_FDCAN_ErrorStatusCallback
 .text.HAL_FDCAN_TT_ScheduleSyncCallback
                0x0000000008001d04       0x16 ./Drivers/STM32H7xx_HAL_Driver/Src/stm32h7xx_hal_fdcan.o
                0x0000000008001d04                HAL_FDCAN_TT_ScheduleSyncCallback
 .text.HAL_FDCAN_TT_TimeMarkCallback
                0x0000000008001d1a       0x16 ./Drivers/STM32H7xx_HAL_Driver/Src/stm32h7xx_hal_fdcan.o
                0x0000000008001d1a                HAL_FDCAN_TT_TimeMarkCallback
 .text.HAL_FDCAN_TT_StopWatchCallback
                0x0000000008001d30       0x18 ./Drivers/STM32H7xx_HAL_Driver/Src/stm32h7xx_hal_fdcan.o
                0x0000000008001d30                HAL_FDCAN_TT_StopWatchCallback
 .text.HAL_FDCAN_TT_GlobalTimeCallback
                0x0000000008001d48       0x16 ./Drivers/STM32H7xx_HAL_Driver/Src/stm32h7xx_hal_fdcan.o
                0x0000000008001d48                HAL_FDCAN_TT_GlobalTimeCallback
 *fill*         0x0000000008001d5e        0x2 
 .text.FDCAN_CalcultateRamBlockAddresses
                0x0000000008001d60      0x30c ./Drivers/STM32H7xx_HAL_Driver/Src/stm32h7xx_hal_fdcan.o
 .text.FDCAN_CopyMessageToRAM
                0x000000000800206c       0xfc ./Drivers/STM32H7xx_HAL_Driver/Src/stm32h7xx_hal_fdcan.o
 .text.HAL_GPIO_Init
                0x0000000008002168      0x360 ./Drivers/STM32H7xx_HAL_Driver/Src/stm32h7xx_hal_gpio.o
                0x0000000008002168                HAL_GPIO_Init
 .text.HAL_PWREx_ConfigSupply
                0x00000000080024c8       0x74 ./Drivers/STM32H7xx_HAL_Driver/Src/stm32h7xx_hal_pwr_ex.o
                0x00000000080024c8                HAL_PWREx_ConfigSupply
 .text.HAL_RCC_OscConfig
                0x000000000800253c      0x85c ./Drivers/STM32H7xx_HAL_Driver/Src/stm32h7xx_hal_rcc.o
                0x000000000800253c                HAL_RCC_OscConfig
 .text.HAL_RCC_ClockConfig
                0x0000000008002d98      0x36c ./Drivers/STM32H7xx_HAL_Driver/Src/stm32h7xx_hal_rcc.o
                0x0000000008002d98                HAL_RCC_ClockConfig
 .text.HAL_RCC_GetSysClockFreq
                0x0000000008003104      0x2f4 ./Drivers/STM32H7xx_HAL_Driver/Src/stm32h7xx_hal_rcc.o
                0x0000000008003104                HAL_RCC_GetSysClockFreq
 .text.HAL_RCCEx_PeriphCLKConfig
                0x00000000080033f8      0xe8c ./Drivers/STM32H7xx_HAL_Driver/Src/stm32h7xx_hal_rcc_ex.o
                0x00000000080033f8                HAL_RCCEx_PeriphCLKConfig
 .text.RCCEx_PLL2_Config
                0x0000000008004284      0x164 ./Drivers/STM32H7xx_HAL_Driver/Src/stm32h7xx_hal_rcc_ex.o
 .text.RCCEx_PLL3_Config
                0x00000000080043e8      0x164 ./Drivers/STM32H7xx_HAL_Driver/Src/stm32h7xx_hal_rcc_ex.o
 .text.__errno  0x000000000800454c        0xc c:/st/stm32cubeide_1.9.0/stm32cubeide/plugins/com.st.stm32cube.ide.mcu.externaltools.gnu-tools-for-stm32.10.3-2021.10.win32_1.0.0.202111181127/tools/bin/../lib/gcc/arm-none-eabi/10.3.1/../../../../arm-none-eabi/lib/thumb/v7e-m+dp/hard\libc_nano.a(lib_a-errno.o)
                0x000000000800454c                __errno
 .text.__libc_init_array
                0x0000000008004558       0x48 c:/st/stm32cubeide_1.9.0/stm32cubeide/plugins/com.st.stm32cube.ide.mcu.externaltools.gnu-tools-for-stm32.10.3-2021.10.win32_1.0.0.202111181127/tools/bin/../lib/gcc/arm-none-eabi/10.3.1/../../../../arm-none-eabi/lib/thumb/v7e-m+dp/hard\libc_nano.a(lib_a-init.o)
                0x0000000008004558                __libc_init_array
 .text.memcpy   0x00000000080045a0       0x1c c:/st/stm32cubeide_1.9.0/stm32cubeide/plugins/com.st.stm32cube.ide.mcu.externaltools.gnu-tools-for-stm32.10.3-2021.10.win32_1.0.0.202111181127/tools/bin/../lib/gcc/arm-none-eabi/10.3.1/../../../../arm-none-eabi/lib/thumb/v7e-m+dp/hard\libc_nano.a(lib_a-memcpy-stub.o)
                0x00000000080045a0                memcpy
 .text.memset   0x00000000080045bc       0x10 c:/st/stm32cubeide_1.9.0/stm32cubeide/plugins/com.st.stm32cube.ide.mcu.externaltools.gnu-tools-for-stm32.10.3-2021.10.win32_1.0.0.202111181127/tools/bin/../lib/gcc/arm-none-eabi/10.3.1/../../../../arm-none-eabi/lib/thumb/v7e-m+dp/hard\libc_nano.a(lib_a-memset.o)
                0x00000000080045bc                memset
 .text.sprintf  0x00000000080045cc       0x40 c:/st/stm32cubeide_1.9.0/stm32cubeide/plugins/com.st.stm32cube.ide.mcu.externaltools.gnu-tools-for-stm32.10.3-2021.10.win32_1.0.0.202111181127/tools/bin/../lib/gcc/arm-none-eabi/10.3.1/../../../../arm-none-eabi/lib/thumb/v7e-m+dp/hard\libc_nano.a(lib_a-sprintf.o)
                0x00000000080045cc                siprintf
                0x00000000080045cc                sprintf
 .text.__ssputs_r
                0x000000000800460c       0xb6 c:/st/stm32cubeide_1.9.0/stm32cubeide/plugins/com.st.stm32cube.ide.mcu.externaltools.gnu-tools-for-stm32.10.3-2021.10.win32_1.0.0.202111181127/tools/bin/../lib/gcc/arm-none-eabi/10.3.1/../../../../arm-none-eabi/lib/thumb/v7e-m+dp/hard\libc_nano.a(lib_a-nano-svfprintf.o)
                0x000000000800460c                __ssputs_r
 *fill*         0x00000000080046c2        0x2 
 .text._svfprintf_r
                0x00000000080046c4      0x200 c:/st/stm32cubeide_1.9.0/stm32cubeide/plugins/com.st.stm32cube.ide.mcu.externaltools.gnu-tools-for-stm32.10.3-2021.10.win32_1.0.0.202111181127/tools/bin/../lib/gcc/arm-none-eabi/10.3.1/../../../../arm-none-eabi/lib/thumb/v7e-m+dp/hard\libc_nano.a(lib_a-nano-svfprintf.o)
                0x00000000080046c4                _svfiprintf_r
                0x00000000080046c4                _svfprintf_r
 .text._printf_common
                0x00000000080048c4       0xda c:/st/stm32cubeide_1.9.0/stm32cubeide/plugins/com.st.stm32cube.ide.mcu.externaltools.gnu-tools-for-stm32.10.3-2021.10.win32_1.0.0.202111181127/tools/bin/../lib/gcc/arm-none-eabi/10.3.1/../../../../arm-none-eabi/lib/thumb/v7e-m+dp/hard\libc_nano.a(lib_a-nano-vfprintf_i.o)
                0x00000000080048c4                _printf_common
 *fill*         0x000000000800499e        0x2 
 .text._printf_i
                0x00000000080049a0      0x24c c:/st/stm32cubeide_1.9.0/stm32cubeide/plugins/com.st.stm32cube.ide.mcu.externaltools.gnu-tools-for-stm32.10.3-2021.10.win32_1.0.0.202111181127/tools/bin/../lib/gcc/arm-none-eabi/10.3.1/../../../../arm-none-eabi/lib/thumb/v7e-m+dp/hard\libc_nano.a(lib_a-nano-vfprintf_i.o)
                0x00000000080049a0                _printf_i
 .text.memmove  0x0000000008004bec       0x34 c:/st/stm32cubeide_1.9.0/stm32cubeide/plugins/com.st.stm32cube.ide.mcu.externaltools.gnu-tools-for-stm32.10.3-2021.10.win32_1.0.0.202111181127/tools/bin/../lib/gcc/arm-none-eabi/10.3.1/../../../../arm-none-eabi/lib/thumb/v7e-m+dp/hard\libc_nano.a(lib_a-memmove.o)
                0x0000000008004bec                memmove
 .text._free_r  0x0000000008004c20       0x98 c:/st/stm32cubeide_1.9.0/stm32cubeide/plugins/com.st.stm32cube.ide.mcu.externaltools.gnu-tools-for-stm32.10.3-2021.10.win32_1.0.0.202111181127/tools/bin/../lib/gcc/arm-none-eabi/10.3.1/../../../../arm-none-eabi/lib/thumb/v7e-m+dp/hard\libc_nano.a(lib_a-nano-freer.o)
                0x0000000008004c20                _free_r
 .text.sbrk_aligned
                0x0000000008004cb8       0x40 c:/st/stm32cubeide_1.9.0/stm32cubeide/plugins/com.st.stm32cube.ide.mcu.externaltools.gnu-tools-for-stm32.10.3-2021.10.win32_1.0.0.202111181127/tools/bin/../lib/gcc/arm-none-eabi/10.3.1/../../../../arm-none-eabi/lib/thumb/v7e-m+dp/hard\libc_nano.a(lib_a-nano-mallocr.o)
 .text._malloc_r
                0x0000000008004cf8       0xe8 c:/st/stm32cubeide_1.9.0/stm32cubeide/plugins/com.st.stm32cube.ide.mcu.externaltools.gnu-tools-for-stm32.10.3-2021.10.win32_1.0.0.202111181127/tools/bin/../lib/gcc/arm-none-eabi/10.3.1/../../../../arm-none-eabi/lib/thumb/v7e-m+dp/hard\libc_nano.a(lib_a-nano-mallocr.o)
                0x0000000008004cf8                _malloc_r
 .text._realloc_r
                0x0000000008004de0       0x5e c:/st/stm32cubeide_1.9.0/stm32cubeide/plugins/com.st.stm32cube.ide.mcu.externaltools.gnu-tools-for-stm32.10.3-2021.10.win32_1.0.0.202111181127/tools/bin/../lib/gcc/arm-none-eabi/10.3.1/../../../../arm-none-eabi/lib/thumb/v7e-m+dp/hard\libc_nano.a(lib_a-nano-reallocr.o)
                0x0000000008004de0                _realloc_r
 *fill*         0x0000000008004e3e        0x2 
 .text._sbrk_r  0x0000000008004e40       0x20 c:/st/stm32cubeide_1.9.0/stm32cubeide/plugins/com.st.stm32cube.ide.mcu.externaltools.gnu-tools-for-stm32.10.3-2021.10.win32_1.0.0.202111181127/tools/bin/../lib/gcc/arm-none-eabi/10.3.1/../../../../arm-none-eabi/lib/thumb/v7e-m+dp/hard\libc_nano.a(lib_a-sbrkr.o)
                0x0000000008004e40                _sbrk_r
 .text.__malloc_lock
                0x0000000008004e60        0xc c:/st/stm32cubeide_1.9.0/stm32cubeide/plugins/com.st.stm32cube.ide.mcu.externaltools.gnu-tools-for-stm32.10.3-2021.10.win32_1.0.0.202111181127/tools/bin/../lib/gcc/arm-none-eabi/10.3.1/../../../../arm-none-eabi/lib/thumb/v7e-m+dp/hard\libc_nano.a(lib_a-mlock.o)
                0x0000000008004e60                __malloc_lock
 .text.__malloc_unlock
                0x0000000008004e6c        0xc c:/st/stm32cubeide_1.9.0/stm32cubeide/plugins/com.st.stm32cube.ide.mcu.externaltools.gnu-tools-for-stm32.10.3-2021.10.win32_1.0.0.202111181127/tools/bin/../lib/gcc/arm-none-eabi/10.3.1/../../../../arm-none-eabi/lib/thumb/v7e-m+dp/hard\libc_nano.a(lib_a-mlock.o)
                0x0000000008004e6c                __malloc_unlock
 .text._malloc_usable_size_r
                0x0000000008004e78       0x10 c:/st/stm32cubeide_1.9.0/stm32cubeide/plugins/com.st.stm32cube.ide.mcu.externaltools.gnu-tools-for-stm32.10.3-2021.10.win32_1.0.0.202111181127/tools/bin/../lib/gcc/arm-none-eabi/10.3.1/../../../../arm-none-eabi/lib/thumb/v7e-m+dp/hard\libc_nano.a(lib_a-nano-msizer.o)
                0x0000000008004e78                _malloc_usable_size_r
 .text.__retarget_lock_acquire_recursive
                0x0000000008004e88        0x2 c:/st/stm32cubeide_1.9.0/stm32cubeide/plugins/com.st.stm32cube.ide.mcu.externaltools.gnu-tools-for-stm32.10.3-2021.10.win32_1.0.0.202111181127/tools/bin/../lib/gcc/arm-none-eabi/10.3.1/../../../../arm-none-eabi/lib/thumb/v7e-m+dp/hard\libc_nano.a(lib_a-lock.o)
                0x0000000008004e88                __retarget_lock_acquire_recursive
 .text.__retarget_lock_release_recursive
                0x0000000008004e8a        0x2 c:/st/stm32cubeide_1.9.0/stm32cubeide/plugins/com.st.stm32cube.ide.mcu.externaltools.gnu-tools-for-stm32.10.3-2021.10.win32_1.0.0.202111181127/tools/bin/../lib/gcc/arm-none-eabi/10.3.1/../../../../arm-none-eabi/lib/thumb/v7e-m+dp/hard\libc_nano.a(lib_a-lock.o)
                0x0000000008004e8a                __retarget_lock_release_recursive
 *(.glue_7)
 .glue_7        0x0000000008004e8c        0x0 linker stubs
 *(.glue_7t)
 .glue_7t       0x0000000008004e8c        0x0 linker stubs
 *(.eh_frame)
 .eh_frame      0x0000000008004e8c        0x0 c:/st/stm32cubeide_1.9.0/stm32cubeide/plugins/com.st.stm32cube.ide.mcu.externaltools.gnu-tools-for-stm32.10.3-2021.10.win32_1.0.0.202111181127/tools/bin/../lib/gcc/arm-none-eabi/10.3.1/thumb/v7e-m+dp/hard/crtbegin.o
 *(.init)
 .init          0x0000000008004e8c        0x4 c:/st/stm32cubeide_1.9.0/stm32cubeide/plugins/com.st.stm32cube.ide.mcu.externaltools.gnu-tools-for-stm32.10.3-2021.10.win32_1.0.0.202111181127/tools/bin/../lib/gcc/arm-none-eabi/10.3.1/thumb/v7e-m+dp/hard/crti.o
                0x0000000008004e8c                _init
 .init          0x0000000008004e90        0x8 c:/st/stm32cubeide_1.9.0/stm32cubeide/plugins/com.st.stm32cube.ide.mcu.externaltools.gnu-tools-for-stm32.10.3-2021.10.win32_1.0.0.202111181127/tools/bin/../lib/gcc/arm-none-eabi/10.3.1/thumb/v7e-m+dp/hard/crtn.o
 *(.fini)
 .fini          0x0000000008004e98        0x4 c:/st/stm32cubeide_1.9.0/stm32cubeide/plugins/com.st.stm32cube.ide.mcu.externaltools.gnu-tools-for-stm32.10.3-2021.10.win32_1.0.0.202111181127/tools/bin/../lib/gcc/arm-none-eabi/10.3.1/thumb/v7e-m+dp/hard/crti.o
                0x0000000008004e98                _fini
 .fini          0x0000000008004e9c        0x8 c:/st/stm32cubeide_1.9.0/stm32cubeide/plugins/com.st.stm32cube.ide.mcu.externaltools.gnu-tools-for-stm32.10.3-2021.10.win32_1.0.0.202111181127/tools/bin/../lib/gcc/arm-none-eabi/10.3.1/thumb/v7e-m+dp/hard/crtn.o
                0x0000000008004ea4                . = ALIGN (0x4)
                0x0000000008004ea4                _etext = .

.vfp11_veneer   0x0000000008004ea4        0x0
 .vfp11_veneer  0x0000000008004ea4        0x0 linker stubs

.v4_bx          0x0000000008004ea4        0x0
 .v4_bx         0x0000000008004ea4        0x0 linker stubs

.iplt           0x0000000008004ea4        0x0
 .iplt          0x0000000008004ea4        0x0 c:/st/stm32cubeide_1.9.0/stm32cubeide/plugins/com.st.stm32cube.ide.mcu.externaltools.gnu-tools-for-stm32.10.3-2021.10.win32_1.0.0.202111181127/tools/bin/../lib/gcc/arm-none-eabi/10.3.1/thumb/v7e-m+dp/hard/crtbegin.o

.rodata         0x0000000008004ea4       0xac
                0x0000000008004ea4                . = ALIGN (0x4)
 *(.rodata)
 .rodata        0x0000000008004ea4        0x9 ./Core/Src/main.o
 *fill*         0x0000000008004ead        0x3 
 .rodata        0x0000000008004eb0       0x4c ./Drivers/STM32H7xx_HAL_Driver/Src/stm32h7xx_hal_fdcan.o
 *(.rodata*)
 .rodata.D1CorePrescTable
                0x0000000008004efc       0x10 ./Core/Src/system_stm32h7xx.o
                0x0000000008004efc                D1CorePrescTable
 .rodata.DLCtoBytes
                0x0000000008004f0c       0x10 ./Drivers/STM32H7xx_HAL_Driver/Src/stm32h7xx_hal_fdcan.o
 .rodata._svfprintf_r.str1.1
                0x0000000008004f1c       0x11 c:/st/stm32cubeide_1.9.0/stm32cubeide/plugins/com.st.stm32cube.ide.mcu.externaltools.gnu-tools-for-stm32.10.3-2021.10.win32_1.0.0.202111181127/tools/bin/../lib/gcc/arm-none-eabi/10.3.1/../../../../arm-none-eabi/lib/thumb/v7e-m+dp/hard\libc_nano.a(lib_a-nano-svfprintf.o)
 .rodata._printf_i.str1.1
                0x0000000008004f2d       0x22 c:/st/stm32cubeide_1.9.0/stm32cubeide/plugins/com.st.stm32cube.ide.mcu.externaltools.gnu-tools-for-stm32.10.3-2021.10.win32_1.0.0.202111181127/tools/bin/../lib/gcc/arm-none-eabi/10.3.1/../../../../arm-none-eabi/lib/thumb/v7e-m+dp/hard\libc_nano.a(lib_a-nano-vfprintf_i.o)
                0x0000000008004f50                . = ALIGN (0x4)
 *fill*         0x0000000008004f4f        0x1 

.rel.dyn        0x0000000008004f50        0x0
 .rel.iplt      0x0000000008004f50        0x0 c:/st/stm32cubeide_1.9.0/stm32cubeide/plugins/com.st.stm32cube.ide.mcu.externaltools.gnu-tools-for-stm32.10.3-2021.10.win32_1.0.0.202111181127/tools/bin/../lib/gcc/arm-none-eabi/10.3.1/thumb/v7e-m+dp/hard/crtbegin.o

.ARM.extab
 *(.ARM.extab* .gnu.linkonce.armextab.*)

.ARM            0x0000000008004f50        0x0
                0x0000000008004f50                __exidx_start = .
 *(.ARM.exidx*)
                0x0000000008004f50                __exidx_end = .

.preinit_array  0x0000000008004f50        0x0
                0x0000000008004f50                PROVIDE (__preinit_array_start = .)
 *(.preinit_array*)
                0x0000000008004f50                PROVIDE (__preinit_array_end = .)

.init_array     0x0000000008004f50        0x4
                0x0000000008004f50                PROVIDE (__init_array_start = .)
 *(SORT_BY_NAME(.init_array.*))
 *(.init_array*)
 .init_array    0x0000000008004f50        0x4 c:/st/stm32cubeide_1.9.0/stm32cubeide/plugins/com.st.stm32cube.ide.mcu.externaltools.gnu-tools-for-stm32.10.3-2021.10.win32_1.0.0.202111181127/tools/bin/../lib/gcc/arm-none-eabi/10.3.1/thumb/v7e-m+dp/hard/crtbegin.o
                0x0000000008004f54                PROVIDE (__init_array_end = .)

.fini_array     0x0000000008004f54        0x4
                [!provide]                        PROVIDE (__fini_array_start = .)
 *(SORT_BY_NAME(.fini_array.*))
 *(.fini_array*)
 .fini_array    0x0000000008004f54        0x4 c:/st/stm32cubeide_1.9.0/stm32cubeide/plugins/com.st.stm32cube.ide.mcu.externaltools.gnu-tools-for-stm32.10.3-2021.10.win32_1.0.0.202111181127/tools/bin/../lib/gcc/arm-none-eabi/10.3.1/thumb/v7e-m+dp/hard/crtbegin.o
                [!provide]                        PROVIDE (__fini_array_end = .)
                0x0000000008004f58                _sidata = LOADADDR (.data)

.data           0x0000000024000000       0x74 load address 0x0000000008004f58
                0x0000000024000000                . = ALIGN (0x4)
                0x0000000024000000                _sdata = .
 *(.data)
 *(.data*)
 .data.SystemCoreClock
                0x0000000024000000        0x4 ./Core/Src/system_stm32h7xx.o
                0x0000000024000000                SystemCoreClock
 .data.SystemD2Clock
                0x0000000024000004        0x4 ./Core/Src/system_stm32h7xx.o
                0x0000000024000004                SystemD2Clock
 .data.uwTickPrio
                0x0000000024000008        0x4 ./Drivers/STM32H7xx_HAL_Driver/Src/stm32h7xx_hal.o
                0x0000000024000008                uwTickPrio
 .data.uwTickFreq
                0x000000002400000c        0x1 ./Drivers/STM32H7xx_HAL_Driver/Src/stm32h7xx_hal.o
                0x000000002400000c                uwTickFreq
 *fill*         0x000000002400000d        0x3 
 .data._impure_ptr
                0x0000000024000010        0x4 c:/st/stm32cubeide_1.9.0/stm32cubeide/plugins/com.st.stm32cube.ide.mcu.externaltools.gnu-tools-for-stm32.10.3-2021.10.win32_1.0.0.202111181127/tools/bin/../lib/gcc/arm-none-eabi/10.3.1/../../../../arm-none-eabi/lib/thumb/v7e-m+dp/hard\libc_nano.a(lib_a-impure.o)
                0x0000000024000010                _impure_ptr
 .data.impure_data
                0x0000000024000014       0x60 c:/st/stm32cubeide_1.9.0/stm32cubeide/plugins/com.st.stm32cube.ide.mcu.externaltools.gnu-tools-for-stm32.10.3-2021.10.win32_1.0.0.202111181127/tools/bin/../lib/gcc/arm-none-eabi/10.3.1/../../../../arm-none-eabi/lib/thumb/v7e-m+dp/hard\libc_nano.a(lib_a-impure.o)
 *(.RamFunc)
 *(.RamFunc*)
                0x0000000024000074                . = ALIGN (0x4)
                0x0000000024000074                _edata = .

.igot.plt       0x0000000024000074        0x0 load address 0x0000000008004fcc
 .igot.plt      0x0000000024000074        0x0 c:/st/stm32cubeide_1.9.0/stm32cubeide/plugins/com.st.stm32cube.ide.mcu.externaltools.gnu-tools-for-stm32.10.3-2021.10.win32_1.0.0.202111181127/tools/bin/../lib/gcc/arm-none-eabi/10.3.1/thumb/v7e-m+dp/hard/crtbegin.o
                0x0000000024000074                . = ALIGN (0x4)

.bss            0x0000000024000074      0x130 load address 0x0000000008004fcc
                0x0000000024000074                _sbss = .
                0x0000000024000074                __bss_start__ = _sbss
 *(.bss)
 .bss           0x0000000024000074       0x1c c:/st/stm32cubeide_1.9.0/stm32cubeide/plugins/com.st.stm32cube.ide.mcu.externaltools.gnu-tools-for-stm32.10.3-2021.10.win32_1.0.0.202111181127/tools/bin/../lib/gcc/arm-none-eabi/10.3.1/thumb/v7e-m+dp/hard/crtbegin.o
 *(.bss*)
 .bss.TxHeader1
                0x0000000024000090       0x24 ./Core/Src/main.o
                0x0000000024000090                TxHeader1
 .bss.RxHeader1
                0x00000000240000b4       0x28 ./Core/Src/main.o
                0x00000000240000b4                RxHeader1
 .bss.TxData1   0x00000000240000dc        0x8 ./Core/Src/main.o
                0x00000000240000dc                TxData1
 .bss.RxData1   0x00000000240000e4        0x8 ./Core/Src/main.o
                0x00000000240000e4                RxData1
 .bss.hfdcan2   0x00000000240000ec       0xa0 ./Core/Src/main.o
                0x00000000240000ec                hfdcan2
 .bss.__sbrk_heap_end
                0x000000002400018c        0x4 ./Core/Src/sysmem.o
 .bss.uwTick    0x0000000024000190        0x4 ./Drivers/STM32H7xx_HAL_Driver/Src/stm32h7xx_hal.o
                0x0000000024000190                uwTick
 .bss.__malloc_free_list
                0x0000000024000194        0x4 c:/st/stm32cubeide_1.9.0/stm32cubeide/plugins/com.st.stm32cube.ide.mcu.externaltools.gnu-tools-for-stm32.10.3-2021.10.win32_1.0.0.202111181127/tools/bin/../lib/gcc/arm-none-eabi/10.3.1/../../../../arm-none-eabi/lib/thumb/v7e-m+dp/hard\libc_nano.a(lib_a-nano-mallocr.o)
                0x0000000024000194                __malloc_free_list
 .bss.__malloc_sbrk_start
                0x0000000024000198        0x4 c:/st/stm32cubeide_1.9.0/stm32cubeide/plugins/com.st.stm32cube.ide.mcu.externaltools.gnu-tools-for-stm32.10.3-2021.10.win32_1.0.0.202111181127/tools/bin/../lib/gcc/arm-none-eabi/10.3.1/../../../../arm-none-eabi/lib/thumb/v7e-m+dp/hard\libc_nano.a(lib_a-nano-mallocr.o)
                0x0000000024000198                __malloc_sbrk_start
 .bss.errno     0x000000002400019c        0x4 c:/st/stm32cubeide_1.9.0/stm32cubeide/plugins/com.st.stm32cube.ide.mcu.externaltools.gnu-tools-for-stm32.10.3-2021.10.win32_1.0.0.202111181127/tools/bin/../lib/gcc/arm-none-eabi/10.3.1/../../../../arm-none-eabi/lib/thumb/v7e-m+dp/hard\libc_nano.a(lib_a-reent.o)
                0x000000002400019c                errno
 .bss.__lock___malloc_recursive_mutex
                0x00000000240001a0        0x1 c:/st/stm32cubeide_1.9.0/stm32cubeide/plugins/com.st.stm32cube.ide.mcu.externaltools.gnu-tools-for-stm32.10.3-2021.10.win32_1.0.0.202111181127/tools/bin/../lib/gcc/arm-none-eabi/10.3.1/../../../../arm-none-eabi/lib/thumb/v7e-m+dp/hard\libc_nano.a(lib_a-lock.o)
                0x00000000240001a0                __lock___malloc_recursive_mutex
 *(COMMON)
                0x00000000240001a4                . = ALIGN (0x4)
 *fill*         0x00000000240001a1        0x3 
                0x00000000240001a4                _ebss = .
                0x00000000240001a4                __bss_end__ = _ebss

._user_heap_stack
                0x00000000240001a4      0x604 load address 0x0000000008004fcc
                0x00000000240001a8                . = ALIGN (0x8)
 *fill*         0x00000000240001a4        0x4 
                [!provide]                        PROVIDE (end = .)
                0x00000000240001a8                PROVIDE (_end = .)
                0x00000000240003a8                . = (. + _Min_Heap_Size)
 *fill*         0x00000000240001a8      0x200 
                0x00000000240007a8                . = (. + _Min_Stack_Size)
 *fill*         0x00000000240003a8      0x400 
                0x00000000240007a8                . = ALIGN (0x8)

/DISCARD/
 libc.a(*)
 libm.a(*)
 libgcc.a(*)

.ARM.attributes
                0x0000000000000000       0x2e
 *(.ARM.attributes)
 .ARM.attributes
                0x0000000000000000       0x1e c:/st/stm32cubeide_1.9.0/stm32cubeide/plugins/com.st.stm32cube.ide.mcu.externaltools.gnu-tools-for-stm32.10.3-2021.10.win32_1.0.0.202111181127/tools/bin/../lib/gcc/arm-none-eabi/10.3.1/thumb/v7e-m+dp/hard/crti.o
 .ARM.attributes
                0x000000000000001e       0x32 c:/st/stm32cubeide_1.9.0/stm32cubeide/plugins/com.st.stm32cube.ide.mcu.externaltools.gnu-tools-for-stm32.10.3-2021.10.win32_1.0.0.202111181127/tools/bin/../lib/gcc/arm-none-eabi/10.3.1/thumb/v7e-m+dp/hard/crtbegin.o
 .ARM.attributes
                0x0000000000000050       0x32 ./Core/Src/main.o
 .ARM.attributes
                0x0000000000000082       0x32 ./Core/Src/stm32h7xx_hal_msp.o
 .ARM.attributes
                0x00000000000000b4       0x32 ./Core/Src/stm32h7xx_it.o
 .ARM.attributes
                0x00000000000000e6       0x32 ./Core/Src/sysmem.o
 .ARM.attributes
                0x0000000000000118       0x32 ./Core/Src/system_stm32h7xx.o
 .ARM.attributes
                0x000000000000014a       0x21 ./Core/Startup/startup_stm32h750vbtx.o
 .ARM.attributes
                0x000000000000016b       0x32 ./Drivers/STM32H7xx_HAL_Driver/Src/stm32h7xx_hal.o
 .ARM.attributes
                0x000000000000019d       0x32 ./Drivers/STM32H7xx_HAL_Driver/Src/stm32h7xx_hal_cortex.o
 .ARM.attributes
                0x00000000000001cf       0x32 ./Drivers/STM32H7xx_HAL_Driver/Src/stm32h7xx_hal_fdcan.o
 .ARM.attributes
                0x0000000000000201       0x32 ./Drivers/STM32H7xx_HAL_Driver/Src/stm32h7xx_hal_gpio.o
 .ARM.attributes
                0x0000000000000233       0x32 ./Drivers/STM32H7xx_HAL_Driver/Src/stm32h7xx_hal_pwr_ex.o
 .ARM.attributes
                0x0000000000000265       0x32 ./Drivers/STM32H7xx_HAL_Driver/Src/stm32h7xx_hal_rcc.o
 .ARM.attributes
                0x0000000000000297       0x32 ./Drivers/STM32H7xx_HAL_Driver/Src/stm32h7xx_hal_rcc_ex.o
 .ARM.attributes
                0x00000000000002c9       0x32 c:/st/stm32cubeide_1.9.0/stm32cubeide/plugins/com.st.stm32cube.ide.mcu.externaltools.gnu-tools-for-stm32.10.3-2021.10.win32_1.0.0.202111181127/tools/bin/../lib/gcc/arm-none-eabi/10.3.1/../../../../arm-none-eabi/lib/thumb/v7e-m+dp/hard\libc_nano.a(lib_a-errno.o)
 .ARM.attributes
                0x00000000000002fb       0x32 c:/st/stm32cubeide_1.9.0/stm32cubeide/plugins/com.st.stm32cube.ide.mcu.externaltools.gnu-tools-for-stm32.10.3-2021.10.win32_1.0.0.202111181127/tools/bin/../lib/gcc/arm-none-eabi/10.3.1/../../../../arm-none-eabi/lib/thumb/v7e-m+dp/hard\libc_nano.a(lib_a-impure.o)
 .ARM.attributes
                0x000000000000032d       0x32 c:/st/stm32cubeide_1.9.0/stm32cubeide/plugins/com.st.stm32cube.ide.mcu.externaltools.gnu-tools-for-stm32.10.3-2021.10.win32_1.0.0.202111181127/tools/bin/../lib/gcc/arm-none-eabi/10.3.1/../../../../arm-none-eabi/lib/thumb/v7e-m+dp/hard\libc_nano.a(lib_a-init.o)
 .ARM.attributes
                0x000000000000035f       0x32 c:/st/stm32cubeide_1.9.0/stm32cubeide/plugins/com.st.stm32cube.ide.mcu.externaltools.gnu-tools-for-stm32.10.3-2021.10.win32_1.0.0.202111181127/tools/bin/../lib/gcc/arm-none-eabi/10.3.1/../../../../arm-none-eabi/lib/thumb/v7e-m+dp/hard\libc_nano.a(lib_a-memcpy-stub.o)
 .ARM.attributes
                0x0000000000000391       0x32 c:/st/stm32cubeide_1.9.0/stm32cubeide/plugins/com.st.stm32cube.ide.mcu.externaltools.gnu-tools-for-stm32.10.3-2021.10.win32_1.0.0.202111181127/tools/bin/../lib/gcc/arm-none-eabi/10.3.1/../../../../arm-none-eabi/lib/thumb/v7e-m+dp/hard\libc_nano.a(lib_a-memset.o)
 .ARM.attributes
                0x00000000000003c3       0x32 c:/st/stm32cubeide_1.9.0/stm32cubeide/plugins/com.st.stm32cube.ide.mcu.externaltools.gnu-tools-for-stm32.10.3-2021.10.win32_1.0.0.202111181127/tools/bin/../lib/gcc/arm-none-eabi/10.3.1/../../../../arm-none-eabi/lib/thumb/v7e-m+dp/hard\libc_nano.a(lib_a-sprintf.o)
 .ARM.attributes
                0x00000000000003f5       0x32 c:/st/stm32cubeide_1.9.0/stm32cubeide/plugins/com.st.stm32cube.ide.mcu.externaltools.gnu-tools-for-stm32.10.3-2021.10.win32_1.0.0.202111181127/tools/bin/../lib/gcc/arm-none-eabi/10.3.1/../../../../arm-none-eabi/lib/thumb/v7e-m+dp/hard\libc_nano.a(lib_a-nano-svfprintf.o)
 .ARM.attributes
                0x0000000000000427       0x32 c:/st/stm32cubeide_1.9.0/stm32cubeide/plugins/com.st.stm32cube.ide.mcu.externaltools.gnu-tools-for-stm32.10.3-2021.10.win32_1.0.0.202111181127/tools/bin/../lib/gcc/arm-none-eabi/10.3.1/../../../../arm-none-eabi/lib/thumb/v7e-m+dp/hard\libc_nano.a(lib_a-nano-vfprintf_i.o)
 .ARM.attributes
                0x0000000000000459       0x1c c:/st/stm32cubeide_1.9.0/stm32cubeide/plugins/com.st.stm32cube.ide.mcu.externaltools.gnu-tools-for-stm32.10.3-2021.10.win32_1.0.0.202111181127/tools/bin/../lib/gcc/arm-none-eabi/10.3.1/../../../../arm-none-eabi/lib/thumb/v7e-m+dp/hard\libc_nano.a(lib_a-memchr.o)
 .ARM.attributes
                0x0000000000000475       0x32 c:/st/stm32cubeide_1.9.0/stm32cubeide/plugins/com.st.stm32cube.ide.mcu.externaltools.gnu-tools-for-stm32.10.3-2021.10.win32_1.0.0.202111181127/tools/bin/../lib/gcc/arm-none-eabi/10.3.1/../../../../arm-none-eabi/lib/thumb/v7e-m+dp/hard\libc_nano.a(lib_a-memmove.o)
 .ARM.attributes
                0x00000000000004a7       0x32 c:/st/stm32cubeide_1.9.0/stm32cubeide/plugins/com.st.stm32cube.ide.mcu.externaltools.gnu-tools-for-stm32.10.3-2021.10.win32_1.0.0.202111181127/tools/bin/../lib/gcc/arm-none-eabi/10.3.1/../../../../arm-none-eabi/lib/thumb/v7e-m+dp/hard\libc_nano.a(lib_a-nano-freer.o)
 .ARM.attributes
                0x00000000000004d9       0x32 c:/st/stm32cubeide_1.9.0/stm32cubeide/plugins/com.st.stm32cube.ide.mcu.externaltools.gnu-tools-for-stm32.10.3-2021.10.win32_1.0.0.202111181127/tools/bin/../lib/gcc/arm-none-eabi/10.3.1/../../../../arm-none-eabi/lib/thumb/v7e-m+dp/hard\libc_nano.a(lib_a-nano-mallocr.o)
 .ARM.attributes
                0x000000000000050b       0x32 c:/st/stm32cubeide_1.9.0/stm32cubeide/plugins/com.st.stm32cube.ide.mcu.externaltools.gnu-tools-for-stm32.10.3-2021.10.win32_1.0.0.202111181127/tools/bin/../lib/gcc/arm-none-eabi/10.3.1/../../../../arm-none-eabi/lib/thumb/v7e-m+dp/hard\libc_nano.a(lib_a-nano-reallocr.o)
 .ARM.attributes
                0x000000000000053d       0x32 c:/st/stm32cubeide_1.9.0/stm32cubeide/plugins/com.st.stm32cube.ide.mcu.externaltools.gnu-tools-for-stm32.10.3-2021.10.win32_1.0.0.202111181127/tools/bin/../lib/gcc/arm-none-eabi/10.3.1/../../../../arm-none-eabi/lib/thumb/v7e-m+dp/hard\libc_nano.a(lib_a-sbrkr.o)
 .ARM.attributes
                0x000000000000056f       0x32 c:/st/stm32cubeide_1.9.0/stm32cubeide/plugins/com.st.stm32cube.ide.mcu.externaltools.gnu-tools-for-stm32.10.3-2021.10.win32_1.0.0.202111181127/tools/bin/../lib/gcc/arm-none-eabi/10.3.1/../../../../arm-none-eabi/lib/thumb/v7e-m+dp/hard\libc_nano.a(lib_a-mlock.o)
 .ARM.attributes
                0x00000000000005a1       0x32 c:/st/stm32cubeide_1.9.0/stm32cubeide/plugins/com.st.stm32cube.ide.mcu.externaltools.gnu-tools-for-stm32.10.3-2021.10.win32_1.0.0.202111181127/tools/bin/../lib/gcc/arm-none-eabi/10.3.1/../../../../arm-none-eabi/lib/thumb/v7e-m+dp/hard\libc_nano.a(lib_a-nano-msizer.o)
 .ARM.attributes
                0x00000000000005d3       0x32 c:/st/stm32cubeide_1.9.0/stm32cubeide/plugins/com.st.stm32cube.ide.mcu.externaltools.gnu-tools-for-stm32.10.3-2021.10.win32_1.0.0.202111181127/tools/bin/../lib/gcc/arm-none-eabi/10.3.1/../../../../arm-none-eabi/lib/thumb/v7e-m+dp/hard\libc_nano.a(lib_a-reent.o)
 .ARM.attributes
                0x0000000000000605       0x32 c:/st/stm32cubeide_1.9.0/stm32cubeide/plugins/com.st.stm32cube.ide.mcu.externaltools.gnu-tools-for-stm32.10.3-2021.10.win32_1.0.0.202111181127/tools/bin/../lib/gcc/arm-none-eabi/10.3.1/../../../../arm-none-eabi/lib/thumb/v7e-m+dp/hard\libc_nano.a(lib_a-lock.o)
 .ARM.attributes
                0x0000000000000637       0x1e c:/st/stm32cubeide_1.9.0/stm32cubeide/plugins/com.st.stm32cube.ide.mcu.externaltools.gnu-tools-for-stm32.10.3-2021.10.win32_1.0.0.202111181127/tools/bin/../lib/gcc/arm-none-eabi/10.3.1/thumb/v7e-m+dp/hard/crtn.o
OUTPUT(0012_H7FDCANTest.elf elf32-littlearm)
LOAD linker stubs
LOAD c:/st/stm32cubeide_1.9.0/stm32cubeide/plugins/com.st.stm32cube.ide.mcu.externaltools.gnu-tools-for-stm32.10.3-2021.10.win32_1.0.0.202111181127/tools/bin/../lib/gcc/arm-none-eabi/10.3.1/../../../../arm-none-eabi/lib/thumb/v7e-m+dp/hard\libc.a
LOAD c:/st/stm32cubeide_1.9.0/stm32cubeide/plugins/com.st.stm32cube.ide.mcu.externaltools.gnu-tools-for-stm32.10.3-2021.10.win32_1.0.0.202111181127/tools/bin/../lib/gcc/arm-none-eabi/10.3.1/../../../../arm-none-eabi/lib/thumb/v7e-m+dp/hard\libm.a
LOAD c:/st/stm32cubeide_1.9.0/stm32cubeide/plugins/com.st.stm32cube.ide.mcu.externaltools.gnu-tools-for-stm32.10.3-2021.10.win32_1.0.0.202111181127/tools/bin/../lib/gcc/arm-none-eabi/10.3.1/thumb/v7e-m+dp/hard\libgcc.a

.debug_info     0x0000000000000000     0xd791
 .debug_info    0x0000000000000000     0x15a8 ./Core/Src/main.o
 .debug_info    0x00000000000015a8     0x1549 ./Core/Src/stm32h7xx_hal_msp.o
 .debug_info    0x0000000000002af1      0x945 ./Core/Src/stm32h7xx_it.o
 .debug_info    0x0000000000003436      0x171 ./Core/Src/sysmem.o
 .debug_info    0x00000000000035a7      0xd07 ./Core/Src/system_stm32h7xx.o
 .debug_info    0x00000000000042ae       0x22 ./Core/Startup/startup_stm32h750vbtx.o
 .debug_info    0x00000000000042d0     0x15dd ./Drivers/STM32H7xx_HAL_Driver/Src/stm32h7xx_hal.o
 .debug_info    0x00000000000058ad     0x1173 ./Drivers/STM32H7xx_HAL_Driver/Src/stm32h7xx_hal_cortex.o
 .debug_info    0x0000000000006a20     0x2dae ./Drivers/STM32H7xx_HAL_Driver/Src/stm32h7xx_hal_fdcan.o
 .debug_info    0x00000000000097ce      0xd28 ./Drivers/STM32H7xx_HAL_Driver/Src/stm32h7xx_hal_gpio.o
 .debug_info    0x000000000000a4f6     0x109d ./Drivers/STM32H7xx_HAL_Driver/Src/stm32h7xx_hal_pwr_ex.o
 .debug_info    0x000000000000b593      0xf4a ./Drivers/STM32H7xx_HAL_Driver/Src/stm32h7xx_hal_rcc.o
 .debug_info    0x000000000000c4dd     0x12b4 ./Drivers/STM32H7xx_HAL_Driver/Src/stm32h7xx_hal_rcc_ex.o

.debug_abbrev   0x0000000000000000     0x199f
 .debug_abbrev  0x0000000000000000      0x287 ./Core/Src/main.o
 .debug_abbrev  0x0000000000000287      0x1db ./Core/Src/stm32h7xx_hal_msp.o
 .debug_abbrev  0x0000000000000462      0x170 ./Core/Src/stm32h7xx_it.o
 .debug_abbrev  0x00000000000005d2       0xbb ./Core/Src/sysmem.o
 .debug_abbrev  0x000000000000068d      0x147 ./Core/Src/system_stm32h7xx.o
 .debug_abbrev  0x00000000000007d4       0x12 ./Core/Startup/startup_stm32h750vbtx.o
 .debug_abbrev  0x00000000000007e6      0x289 ./Drivers/STM32H7xx_HAL_Driver/Src/stm32h7xx_hal.o
 .debug_abbrev  0x0000000000000a6f      0x329 ./Drivers/STM32H7xx_HAL_Driver/Src/stm32h7xx_hal_cortex.o
 .debug_abbrev  0x0000000000000d98      0x278 ./Drivers/STM32H7xx_HAL_Driver/Src/stm32h7xx_hal_fdcan.o
 .debug_abbrev  0x0000000000001010      0x1ec ./Drivers/STM32H7xx_HAL_Driver/Src/stm32h7xx_hal_gpio.o
 .debug_abbrev  0x00000000000011fc      0x28f ./Drivers/STM32H7xx_HAL_Driver/Src/stm32h7xx_hal_pwr_ex.o
 .debug_abbrev  0x000000000000148b      0x2b8 ./Drivers/STM32H7xx_HAL_Driver/Src/stm32h7xx_hal_rcc.o
 .debug_abbrev  0x0000000000001743      0x25c ./Drivers/STM32H7xx_HAL_Driver/Src/stm32h7xx_hal_rcc_ex.o

.debug_aranges  0x0000000000000000      0xa78
 .debug_aranges
                0x0000000000000000       0x48 ./Core/Src/main.o
 .debug_aranges
                0x0000000000000048       0x30 ./Core/Src/stm32h7xx_hal_msp.o
 .debug_aranges
                0x0000000000000078       0x70 ./Core/Src/stm32h7xx_it.o
 .debug_aranges
                0x00000000000000e8       0x20 ./Core/Src/sysmem.o
 .debug_aranges
                0x0000000000000108       0x28 ./Core/Src/system_stm32h7xx.o
 .debug_aranges
                0x0000000000000130       0x28 ./Core/Startup/startup_stm32h750vbtx.o
 .debug_aranges
                0x0000000000000158      0x198 ./Drivers/STM32H7xx_HAL_Driver/Src/stm32h7xx_hal.o
 .debug_aranges
                0x00000000000002f0      0x120 ./Drivers/STM32H7xx_HAL_Driver/Src/stm32h7xx_hal_cortex.o
 .debug_aranges
                0x0000000000000410      0x338 ./Drivers/STM32H7xx_HAL_Driver/Src/stm32h7xx_hal_fdcan.o
 .debug_aranges
                0x0000000000000748       0x58 ./Drivers/STM32H7xx_HAL_Driver/Src/stm32h7xx_hal_gpio.o
 .debug_aranges
                0x00000000000007a0      0x158 ./Drivers/STM32H7xx_HAL_Driver/Src/stm32h7xx_hal_pwr_ex.o
 .debug_aranges
                0x00000000000008f8       0x88 ./Drivers/STM32H7xx_HAL_Driver/Src/stm32h7xx_hal_rcc.o
 .debug_aranges
                0x0000000000000980       0xf8 ./Drivers/STM32H7xx_HAL_Driver/Src/stm32h7xx_hal_rcc_ex.o

.debug_ranges   0x0000000000000000      0x9b0
 .debug_ranges  0x0000000000000000       0x38 ./Core/Src/main.o
 .debug_ranges  0x0000000000000038       0x20 ./Core/Src/stm32h7xx_hal_msp.o
 .debug_ranges  0x0000000000000058       0x60 ./Core/Src/stm32h7xx_it.o
 .debug_ranges  0x00000000000000b8       0x10 ./Core/Src/sysmem.o
 .debug_ranges  0x00000000000000c8       0x18 ./Core/Src/system_stm32h7xx.o
 .debug_ranges  0x00000000000000e0       0x20 ./Core/Startup/startup_stm32h750vbtx.o
 .debug_ranges  0x0000000000000100      0x188 ./Drivers/STM32H7xx_HAL_Driver/Src/stm32h7xx_hal.o
 .debug_ranges  0x0000000000000288      0x110 ./Drivers/STM32H7xx_HAL_Driver/Src/stm32h7xx_hal_cortex.o
 .debug_ranges  0x0000000000000398      0x328 ./Drivers/STM32H7xx_HAL_Driver/Src/stm32h7xx_hal_fdcan.o
 .debug_ranges  0x00000000000006c0       0x48 ./Drivers/STM32H7xx_HAL_Driver/Src/stm32h7xx_hal_gpio.o
 .debug_ranges  0x0000000000000708      0x148 ./Drivers/STM32H7xx_HAL_Driver/Src/stm32h7xx_hal_pwr_ex.o
 .debug_ranges  0x0000000000000850       0x78 ./Drivers/STM32H7xx_HAL_Driver/Src/stm32h7xx_hal_rcc.o
 .debug_ranges  0x00000000000008c8       0xe8 ./Drivers/STM32H7xx_HAL_Driver/Src/stm32h7xx_hal_rcc_ex.o

.debug_macro    0x0000000000000000    0x36030
 .debug_macro   0x0000000000000000      0x294 ./Core/Src/main.o
 .debug_macro   0x0000000000000294      0xa90 ./Core/Src/main.o
 .debug_macro   0x0000000000000d24      0x232 ./Core/Src/main.o
 .debug_macro   0x0000000000000f56       0x2e ./Core/Src/main.o
 .debug_macro   0x0000000000000f84       0x3b ./Core/Src/main.o
 .debug_macro   0x0000000000000fbf       0x22 ./Core/Src/main.o
 .debug_macro   0x0000000000000fe1       0x8e ./Core/Src/main.o
 .debug_macro   0x000000000000106f       0x51 ./Core/Src/main.o
 .debug_macro   0x00000000000010c0      0x103 ./Core/Src/main.o
 .debug_macro   0x00000000000011c3       0x6a ./Core/Src/main.o
 .debug_macro   0x000000000000122d      0x1df ./Core/Src/main.o
 .debug_macro   0x000000000000140c       0x1c ./Core/Src/main.o
 .debug_macro   0x0000000000001428       0x22 ./Core/Src/main.o
 .debug_macro   0x000000000000144a       0xfb ./Core/Src/main.o
 .debug_macro   0x0000000000001545     0x1305 ./Core/Src/main.o
 .debug_macro   0x000000000000284a      0x11f ./Core/Src/main.o
 .debug_macro   0x0000000000002969       0x27 ./Core/Src/main.o
 .debug_macro   0x0000000000002990    0x25e6f ./Core/Src/main.o
 .debug_macro   0x00000000000287ff       0x6d ./Core/Src/main.o
 .debug_macro   0x000000000002886c     0x3d22 ./Core/Src/main.o
 .debug_macro   0x000000000002c58e      0x174 ./Core/Src/main.o
 .debug_macro   0x000000000002c702       0x52 ./Core/Src/main.o
 .debug_macro   0x000000000002c754       0x1d ./Core/Src/main.o
 .debug_macro   0x000000000002c771       0x3c ./Core/Src/main.o
 .debug_macro   0x000000000002c7ad       0x34 ./Core/Src/main.o
 .debug_macro   0x000000000002c7e1       0x16 ./Core/Src/main.o
 .debug_macro   0x000000000002c7f7       0x43 ./Core/Src/main.o
 .debug_macro   0x000000000002c83a       0x34 ./Core/Src/main.o
 .debug_macro   0x000000000002c86e       0x10 ./Core/Src/main.o
 .debug_macro   0x000000000002c87e       0x58 ./Core/Src/main.o
 .debug_macro   0x000000000002c8d6       0x71 ./Core/Src/main.o
 .debug_macro   0x000000000002c947       0x1c ./Core/Src/main.o
 .debug_macro   0x000000000002c963      0x12a ./Core/Src/main.o
 .debug_macro   0x000000000002ca8d      0x341 ./Core/Src/main.o
 .debug_macro   0x000000000002cdce      0x19b ./Core/Src/main.o
 .debug_macro   0x000000000002cf69       0x5d ./Core/Src/main.o
 .debug_macro   0x000000000002cfc6     0x240e ./Core/Src/main.o
 .debug_macro   0x000000000002f3d4     0x1002 ./Core/Src/main.o
 .debug_macro   0x00000000000303d6      0x14d ./Core/Src/main.o
 .debug_macro   0x0000000000030523      0x114 ./Core/Src/main.o
 .debug_macro   0x0000000000030637      0x3b2 ./Core/Src/main.o
 .debug_macro   0x00000000000309e9       0xac ./Core/Src/main.o
 .debug_macro   0x0000000000030a95      0x72d ./Core/Src/main.o
 .debug_macro   0x00000000000311c2      0x228 ./Core/Src/main.o
 .debug_macro   0x00000000000313ea       0x66 ./Core/Src/main.o
 .debug_macro   0x0000000000031450      0x3bb ./Core/Src/main.o
 .debug_macro   0x000000000003180b      0x3e4 ./Core/Src/main.o
 .debug_macro   0x0000000000031bef      0x275 ./Core/Src/main.o
 .debug_macro   0x0000000000031e64      0xe42 ./Core/Src/main.o
 .debug_macro   0x0000000000032ca6      0x3ca ./Core/Src/main.o
 .debug_macro   0x0000000000033070      0x3de ./Core/Src/main.o
 .debug_macro   0x000000000003344e       0x3c ./Core/Src/main.o
 .debug_macro   0x000000000003348a       0x4a ./Core/Src/main.o
 .debug_macro   0x00000000000334d4      0x22c ./Core/Src/main.o
 .debug_macro   0x0000000000033700       0x67 ./Core/Src/main.o
 .debug_macro   0x0000000000033767       0xa5 ./Core/Src/main.o
 .debug_macro   0x000000000003380c      0x1c4 ./Core/Src/main.o
 .debug_macro   0x00000000000339d0      0x25e ./Core/Src/main.o
 .debug_macro   0x0000000000033c2e       0x35 ./Core/Src/main.o
 .debug_macro   0x0000000000033c63      0x5a0 ./Core/Src/main.o
 .debug_macro   0x0000000000034203      0x294 ./Core/Src/stm32h7xx_hal_msp.o
 .debug_macro   0x0000000000034497      0x29e ./Core/Src/stm32h7xx_it.o
 .debug_macro   0x0000000000034735       0xff ./Core/Src/sysmem.o
 .debug_macro   0x0000000000034834      0x23b ./Core/Src/sysmem.o
 .debug_macro   0x0000000000034a6f      0x28a ./Core/Src/system_stm32h7xx.o
 .debug_macro   0x0000000000034cf9      0x2b4 ./Drivers/STM32H7xx_HAL_Driver/Src/stm32h7xx_hal.o
 .debug_macro   0x0000000000034fad      0x28a ./Drivers/STM32H7xx_HAL_Driver/Src/stm32h7xx_hal_cortex.o
 .debug_macro   0x0000000000035237      0x34f ./Drivers/STM32H7xx_HAL_Driver/Src/stm32h7xx_hal_fdcan.o
 .debug_macro   0x0000000000035586      0x291 ./Drivers/STM32H7xx_HAL_Driver/Src/stm32h7xx_hal_gpio.o
 .debug_macro   0x0000000000035817      0x2c3 ./Drivers/STM32H7xx_HAL_Driver/Src/stm32h7xx_hal_pwr_ex.o
 .debug_macro   0x0000000000035ada      0x2ae ./Drivers/STM32H7xx_HAL_Driver/Src/stm32h7xx_hal_rcc.o
 .debug_macro   0x0000000000035d88      0x2a8 ./Drivers/STM32H7xx_HAL_Driver/Src/stm32h7xx_hal_rcc_ex.o

.debug_line     0x0000000000000000     0xb582
 .debug_line    0x0000000000000000      0x9a2 ./Core/Src/main.o
 .debug_line    0x00000000000009a2      0x861 ./Core/Src/stm32h7xx_hal_msp.o
 .debug_line    0x0000000000001203      0x8ee ./Core/Src/stm32h7xx_it.o
 .debug_line    0x0000000000001af1      0x4e5 ./Core/Src/sysmem.o
 .debug_line    0x0000000000001fd6      0x9ab ./Core/Src/system_stm32h7xx.o
 .debug_line    0x0000000000002981       0x88 ./Core/Startup/startup_stm32h750vbtx.o
 .debug_line    0x0000000000002a09      0xda9 ./Drivers/STM32H7xx_HAL_Driver/Src/stm32h7xx_hal.o
 .debug_line    0x00000000000037b2      0xdaf ./Drivers/STM32H7xx_HAL_Driver/Src/stm32h7xx_hal_cortex.o
 .debug_line    0x0000000000004561     0x270a ./Drivers/STM32H7xx_HAL_Driver/Src/stm32h7xx_hal_fdcan.o
 .debug_line    0x0000000000006c6b      0xc6c ./Drivers/STM32H7xx_HAL_Driver/Src/stm32h7xx_hal_gpio.o
 .debug_line    0x00000000000078d7      0xec3 ./Drivers/STM32H7xx_HAL_Driver/Src/stm32h7xx_hal_pwr_ex.o
 .debug_line    0x000000000000879a     0x1317 ./Drivers/STM32H7xx_HAL_Driver/Src/stm32h7xx_hal_rcc.o
 .debug_line    0x0000000000009ab1     0x1ad1 ./Drivers/STM32H7xx_HAL_Driver/Src/stm32h7xx_hal_rcc_ex.o

.debug_str      0x0000000000000000   0x15a9b2
 .debug_str     0x0000000000000000   0x155f77 ./Core/Src/main.o
                                     0x156408 (size before relaxing)
 .debug_str     0x0000000000155f77      0xbf5 ./Core/Src/stm32h7xx_hal_msp.o
                                     0x156bd4 (size before relaxing)
 .debug_str     0x0000000000156b6c      0x10a ./Core/Src/stm32h7xx_it.o
                                     0x155ddc (size before relaxing)
 .debug_str     0x0000000000156c76      0x4da ./Core/Src/sysmem.o
                                       0x5e0b (size before relaxing)
 .debug_str     0x0000000000157150      0x33a ./Core/Src/system_stm32h7xx.o
                                     0x155d62 (size before relaxing)
 .debug_str     0x000000000015748a       0x36 ./Core/Startup/startup_stm32h750vbtx.o
                                         0x84 (size before relaxing)
 .debug_str     0x00000000001574c0      0x7ef ./Drivers/STM32H7xx_HAL_Driver/Src/stm32h7xx_hal.o
                                     0x156c87 (size before relaxing)
 .debug_str     0x0000000000157caf      0x338 ./Drivers/STM32H7xx_HAL_Driver/Src/stm32h7xx_hal_cortex.o
                                     0x15668a (size before relaxing)
 .debug_str     0x0000000000157fe7     0x19ef ./Drivers/STM32H7xx_HAL_Driver/Src/stm32h7xx_hal_fdcan.o
                                     0x157a50 (size before relaxing)
 .debug_str     0x00000000001599d6      0x12d ./Drivers/STM32H7xx_HAL_Driver/Src/stm32h7xx_hal_gpio.o
                                     0x155d19 (size before relaxing)
 .debug_str     0x0000000000159b03      0x62e ./Drivers/STM32H7xx_HAL_Driver/Src/stm32h7xx_hal_pwr_ex.o
                                     0x1561da (size before relaxing)
 .debug_str     0x000000000015a131      0x22e ./Drivers/STM32H7xx_HAL_Driver/Src/stm32h7xx_hal_rcc.o
                                     0x1560fd (size before relaxing)
 .debug_str     0x000000000015a35f      0x653 ./Drivers/STM32H7xx_HAL_Driver/Src/stm32h7xx_hal_rcc_ex.o
                                     0x1565b5 (size before relaxing)

.comment        0x0000000000000000       0x50
 .comment       0x0000000000000000       0x50 ./Core/Src/main.o
                                         0x51 (size before relaxing)
 .comment       0x0000000000000050       0x51 ./Core/Src/stm32h7xx_hal_msp.o
 .comment       0x0000000000000050       0x51 ./Core/Src/stm32h7xx_it.o
 .comment       0x0000000000000050       0x51 ./Core/Src/sysmem.o
 .comment       0x0000000000000050       0x51 ./Core/Src/system_stm32h7xx.o
 .comment       0x0000000000000050       0x51 ./Drivers/STM32H7xx_HAL_Driver/Src/stm32h7xx_hal.o
 .comment       0x0000000000000050       0x51 ./Drivers/STM32H7xx_HAL_Driver/Src/stm32h7xx_hal_cortex.o
 .comment       0x0000000000000050       0x51 ./Drivers/STM32H7xx_HAL_Driver/Src/stm32h7xx_hal_fdcan.o
 .comment       0x0000000000000050       0x51 ./Drivers/STM32H7xx_HAL_Driver/Src/stm32h7xx_hal_gpio.o
 .comment       0x0000000000000050       0x51 ./Drivers/STM32H7xx_HAL_Driver/Src/stm32h7xx_hal_pwr_ex.o
 .comment       0x0000000000000050       0x51 ./Drivers/STM32H7xx_HAL_Driver/Src/stm32h7xx_hal_rcc.o
 .comment       0x0000000000000050       0x51 ./Drivers/STM32H7xx_HAL_Driver/Src/stm32h7xx_hal_rcc_ex.o

.debug_frame    0x0000000000000000     0x2f20
 .debug_frame   0x0000000000000000       0xd8 ./Core/Src/main.o
 .debug_frame   0x00000000000000d8       0x84 ./Core/Src/stm32h7xx_hal_msp.o
 .debug_frame   0x000000000000015c      0x13c ./Core/Src/stm32h7xx_it.o
 .debug_frame   0x0000000000000298       0x34 ./Core/Src/sysmem.o
 .debug_frame   0x00000000000002cc       0x58 ./Core/Src/system_stm32h7xx.o
 .debug_frame   0x0000000000000324      0x690 ./Drivers/STM32H7xx_HAL_Driver/Src/stm32h7xx_hal.o
 .debug_frame   0x00000000000009b4      0x4b8 ./Drivers/STM32H7xx_HAL_Driver/Src/stm32h7xx_hal_cortex.o
 .debug_frame   0x0000000000000e6c      0xf9c ./Drivers/STM32H7xx_HAL_Driver/Src/stm32h7xx_hal_fdcan.o
 .debug_frame   0x0000000000001e08      0x14c ./Drivers/STM32H7xx_HAL_Driver/Src/stm32h7xx_hal_gpio.o
 .debug_frame   0x0000000000001f54      0x580 ./Drivers/STM32H7xx_HAL_Driver/Src/stm32h7xx_hal_pwr_ex.o
 .debug_frame   0x00000000000024d4      0x1f8 ./Drivers/STM32H7xx_HAL_Driver/Src/stm32h7xx_hal_rcc.o
 .debug_frame   0x00000000000026cc      0x3f4 ./Drivers/STM32H7xx_HAL_Driver/Src/stm32h7xx_hal_rcc_ex.o
 .debug_frame   0x0000000000002ac0       0x20 c:/st/stm32cubeide_1.9.0/stm32cubeide/plugins/com.st.stm32cube.ide.mcu.externaltools.gnu-tools-for-stm32.10.3-2021.10.win32_1.0.0.202111181127/tools/bin/../lib/gcc/arm-none-eabi/10.3.1/../../../../arm-none-eabi/lib/thumb/v7e-m+dp/hard\libc_nano.a(lib_a-errno.o)
 .debug_frame   0x0000000000002ae0       0x2c c:/st/stm32cubeide_1.9.0/stm32cubeide/plugins/com.st.stm32cube.ide.mcu.externaltools.gnu-tools-for-stm32.10.3-2021.10.win32_1.0.0.202111181127/tools/bin/../lib/gcc/arm-none-eabi/10.3.1/../../../../arm-none-eabi/lib/thumb/v7e-m+dp/hard\libc_nano.a(lib_a-init.o)
 .debug_frame   0x0000000000002b0c       0x28 c:/st/stm32cubeide_1.9.0/stm32cubeide/plugins/com.st.stm32cube.ide.mcu.externaltools.gnu-tools-for-stm32.10.3-2021.10.win32_1.0.0.202111181127/tools/bin/../lib/gcc/arm-none-eabi/10.3.1/../../../../arm-none-eabi/lib/thumb/v7e-m+dp/hard\libc_nano.a(lib_a-memcpy-stub.o)
 .debug_frame   0x0000000000002b34       0x20 c:/st/stm32cubeide_1.9.0/stm32cubeide/plugins/com.st.stm32cube.ide.mcu.externaltools.gnu-tools-for-stm32.10.3-2021.10.win32_1.0.0.202111181127/tools/bin/../lib/gcc/arm-none-eabi/10.3.1/../../../../arm-none-eabi/lib/thumb/v7e-m+dp/hard\libc_nano.a(lib_a-memset.o)
 .debug_frame   0x0000000000002b54       0x6c c:/st/stm32cubeide_1.9.0/stm32cubeide/plugins/com.st.stm32cube.ide.mcu.externaltools.gnu-tools-for-stm32.10.3-2021.10.win32_1.0.0.202111181127/tools/bin/../lib/gcc/arm-none-eabi/10.3.1/../../../../arm-none-eabi/lib/thumb/v7e-m+dp/hard\libc_nano.a(lib_a-sprintf.o)
 .debug_frame   0x0000000000002bc0       0x90 c:/st/stm32cubeide_1.9.0/stm32cubeide/plugins/com.st.stm32cube.ide.mcu.externaltools.gnu-tools-for-stm32.10.3-2021.10.win32_1.0.0.202111181127/tools/bin/../lib/gcc/arm-none-eabi/10.3.1/../../../../arm-none-eabi/lib/thumb/v7e-m+dp/hard\libc_nano.a(lib_a-nano-svfprintf.o)
 .debug_frame   0x0000000000002c50       0x60 c:/st/stm32cubeide_1.9.0/stm32cubeide/plugins/com.st.stm32cube.ide.mcu.externaltools.gnu-tools-for-stm32.10.3-2021.10.win32_1.0.0.202111181127/tools/bin/../lib/gcc/arm-none-eabi/10.3.1/../../../../arm-none-eabi/lib/thumb/v7e-m+dp/hard\libc_nano.a(lib_a-nano-vfprintf_i.o)
 .debug_frame   0x0000000000002cb0       0x28 c:/st/stm32cubeide_1.9.0/stm32cubeide/plugins/com.st.stm32cube.ide.mcu.externaltools.gnu-tools-for-stm32.10.3-2021.10.win32_1.0.0.202111181127/tools/bin/../lib/gcc/arm-none-eabi/10.3.1/../../../../arm-none-eabi/lib/thumb/v7e-m+dp/hard\libc_nano.a(lib_a-memmove.o)
 .debug_frame   0x0000000000002cd8       0x38 c:/st/stm32cubeide_1.9.0/stm32cubeide/plugins/com.st.stm32cube.ide.mcu.externaltools.gnu-tools-for-stm32.10.3-2021.10.win32_1.0.0.202111181127/tools/bin/../lib/gcc/arm-none-eabi/10.3.1/../../../../arm-none-eabi/lib/thumb/v7e-m+dp/hard\libc_nano.a(lib_a-nano-freer.o)
 .debug_frame   0x0000000000002d10       0x4c c:/st/stm32cubeide_1.9.0/stm32cubeide/plugins/com.st.stm32cube.ide.mcu.externaltools.gnu-tools-for-stm32.10.3-2021.10.win32_1.0.0.202111181127/tools/bin/../lib/gcc/arm-none-eabi/10.3.1/../../../../arm-none-eabi/lib/thumb/v7e-m+dp/hard\libc_nano.a(lib_a-nano-mallocr.o)
 .debug_frame   0x0000000000002d5c       0x3c c:/st/stm32cubeide_1.9.0/stm32cubeide/plugins/com.st.stm32cube.ide.mcu.externaltools.gnu-tools-for-stm32.10.3-2021.10.win32_1.0.0.202111181127/tools/bin/../lib/gcc/arm-none-eabi/10.3.1/../../../../arm-none-eabi/lib/thumb/v7e-m+dp/hard\libc_nano.a(lib_a-nano-reallocr.o)
 .debug_frame   0x0000000000002d98       0x2c c:/st/stm32cubeide_1.9.0/stm32cubeide/plugins/com.st.stm32cube.ide.mcu.externaltools.gnu-tools-for-stm32.10.3-2021.10.win32_1.0.0.202111181127/tools/bin/../lib/gcc/arm-none-eabi/10.3.1/../../../../arm-none-eabi/lib/thumb/v7e-m+dp/hard\libc_nano.a(lib_a-sbrkr.o)
 .debug_frame   0x0000000000002dc4       0x30 c:/st/stm32cubeide_1.9.0/stm32cubeide/plugins/com.st.stm32cube.ide.mcu.externaltools.gnu-tools-for-stm32.10.3-2021.10.win32_1.0.0.202111181127/tools/bin/../lib/gcc/arm-none-eabi/10.3.1/../../../../arm-none-eabi/lib/thumb/v7e-m+dp/hard\libc_nano.a(lib_a-mlock.o)
 .debug_frame   0x0000000000002df4       0x20 c:/st/stm32cubeide_1.9.0/stm32cubeide/plugins/com.st.stm32cube.ide.mcu.externaltools.gnu-tools-for-stm32.10.3-2021.10.win32_1.0.0.202111181127/tools/bin/../lib/gcc/arm-none-eabi/10.3.1/../../../../arm-none-eabi/lib/thumb/v7e-m+dp/hard\libc_nano.a(lib_a-nano-msizer.o)
 .debug_frame   0x0000000000002e14       0x5c c:/st/stm32cubeide_1.9.0/stm32cubeide/plugins/com.st.stm32cube.ide.mcu.externaltools.gnu-tools-for-stm32.10.3-2021.10.win32_1.0.0.202111181127/tools/bin/../lib/gcc/arm-none-eabi/10.3.1/../../../../arm-none-eabi/lib/thumb/v7e-m+dp/hard\libc_nano.a(lib_a-reent.o)
 .debug_frame   0x0000000000002e70       0xb0 c:/st/stm32cubeide_1.9.0/stm32cubeide/plugins/com.st.stm32cube.ide.mcu.externaltools.gnu-tools-for-stm32.10.3-2021.10.win32_1.0.0.202111181127/tools/bin/../lib/gcc/arm-none-eabi/10.3.1/../../../../arm-none-eabi/lib/thumb/v7e-m+dp/hard\libc_nano.a(lib_a-lock.o)
